Archive member included to satisfy reference by file (symbol)

/Applications/STM32CubeIDE.app/Contents/Eclipse/plugins/com.st.stm32cube.ide.mcu.externaltools.gnu-tools-for-stm32.10.3-2021.10.macos64_1.0.100.202210260954/tools/bin/../lib/gcc/arm-none-eabi/10.3.1/../../../../arm-none-eabi/lib/thumb/v7e-m+fp/hard/libc_nano.a(lib_a-errno.o)
                              ./Core/Src/syscalls.o (__errno)
/Applications/STM32CubeIDE.app/Contents/Eclipse/plugins/com.st.stm32cube.ide.mcu.externaltools.gnu-tools-for-stm32.10.3-2021.10.macos64_1.0.100.202210260954/tools/bin/../lib/gcc/arm-none-eabi/10.3.1/../../../../arm-none-eabi/lib/thumb/v7e-m+fp/hard/libc_nano.a(lib_a-exit.o)
                              /Applications/STM32CubeIDE.app/Contents/Eclipse/plugins/com.st.stm32cube.ide.mcu.externaltools.gnu-tools-for-stm32.10.3-2021.10.macos64_1.0.100.202210260954/tools/bin/../lib/gcc/arm-none-eabi/10.3.1/../../../../arm-none-eabi/lib/thumb/v7e-m+fp/hard/crt0.o (exit)
/Applications/STM32CubeIDE.app/Contents/Eclipse/plugins/com.st.stm32cube.ide.mcu.externaltools.gnu-tools-for-stm32.10.3-2021.10.macos64_1.0.100.202210260954/tools/bin/../lib/gcc/arm-none-eabi/10.3.1/../../../../arm-none-eabi/lib/thumb/v7e-m+fp/hard/libc_nano.a(lib_a-impure.o)
                              /Applications/STM32CubeIDE.app/Contents/Eclipse/plugins/com.st.stm32cube.ide.mcu.externaltools.gnu-tools-for-stm32.10.3-2021.10.macos64_1.0.100.202210260954/tools/bin/../lib/gcc/arm-none-eabi/10.3.1/../../../../arm-none-eabi/lib/thumb/v7e-m+fp/hard/libc_nano.a(lib_a-exit.o) (_global_impure_ptr)
/Applications/STM32CubeIDE.app/Contents/Eclipse/plugins/com.st.stm32cube.ide.mcu.externaltools.gnu-tools-for-stm32.10.3-2021.10.macos64_1.0.100.202210260954/tools/bin/../lib/gcc/arm-none-eabi/10.3.1/../../../../arm-none-eabi/lib/thumb/v7e-m+fp/hard/libc_nano.a(lib_a-init.o)
                              /Applications/STM32CubeIDE.app/Contents/Eclipse/plugins/com.st.stm32cube.ide.mcu.externaltools.gnu-tools-for-stm32.10.3-2021.10.macos64_1.0.100.202210260954/tools/bin/../lib/gcc/arm-none-eabi/10.3.1/../../../../arm-none-eabi/lib/thumb/v7e-m+fp/hard/crt0.o (__libc_init_array)
/Applications/STM32CubeIDE.app/Contents/Eclipse/plugins/com.st.stm32cube.ide.mcu.externaltools.gnu-tools-for-stm32.10.3-2021.10.macos64_1.0.100.202210260954/tools/bin/../lib/gcc/arm-none-eabi/10.3.1/../../../../arm-none-eabi/lib/thumb/v7e-m+fp/hard/libc_nano.a(lib_a-memcpy-stub.o)
                              ./FreeRTOS/queue.o (memcpy)
/Applications/STM32CubeIDE.app/Contents/Eclipse/plugins/com.st.stm32cube.ide.mcu.externaltools.gnu-tools-for-stm32.10.3-2021.10.macos64_1.0.100.202210260954/tools/bin/../lib/gcc/arm-none-eabi/10.3.1/../../../../arm-none-eabi/lib/thumb/v7e-m+fp/hard/libc_nano.a(lib_a-memset.o)
                              /Applications/STM32CubeIDE.app/Contents/Eclipse/plugins/com.st.stm32cube.ide.mcu.externaltools.gnu-tools-for-stm32.10.3-2021.10.macos64_1.0.100.202210260954/tools/bin/../lib/gcc/arm-none-eabi/10.3.1/../../../../arm-none-eabi/lib/thumb/v7e-m+fp/hard/crt0.o (memset)
/Applications/STM32CubeIDE.app/Contents/Eclipse/plugins/com.st.stm32cube.ide.mcu.externaltools.gnu-tools-for-stm32.10.3-2021.10.macos64_1.0.100.202210260954/tools/bin/../lib/gcc/arm-none-eabi/10.3.1/../../../../arm-none-eabi/lib/thumb/v7e-m+fp/hard/libc_nano.a(lib_a-sprintf.o)
                              ./Core/Src/main.o (sprintf)
/Applications/STM32CubeIDE.app/Contents/Eclipse/plugins/com.st.stm32cube.ide.mcu.externaltools.gnu-tools-for-stm32.10.3-2021.10.macos64_1.0.100.202210260954/tools/bin/../lib/gcc/arm-none-eabi/10.3.1/../../../../arm-none-eabi/lib/thumb/v7e-m+fp/hard/libc_nano.a(lib_a-nano-svfprintf.o)
                              /Applications/STM32CubeIDE.app/Contents/Eclipse/plugins/com.st.stm32cube.ide.mcu.externaltools.gnu-tools-for-stm32.10.3-2021.10.macos64_1.0.100.202210260954/tools/bin/../lib/gcc/arm-none-eabi/10.3.1/../../../../arm-none-eabi/lib/thumb/v7e-m+fp/hard/libc_nano.a(lib_a-sprintf.o) (_svfprintf_r)
/Applications/STM32CubeIDE.app/Contents/Eclipse/plugins/com.st.stm32cube.ide.mcu.externaltools.gnu-tools-for-stm32.10.3-2021.10.macos64_1.0.100.202210260954/tools/bin/../lib/gcc/arm-none-eabi/10.3.1/../../../../arm-none-eabi/lib/thumb/v7e-m+fp/hard/libc_nano.a(lib_a-nano-vfprintf_i.o)
                              /Applications/STM32CubeIDE.app/Contents/Eclipse/plugins/com.st.stm32cube.ide.mcu.externaltools.gnu-tools-for-stm32.10.3-2021.10.macos64_1.0.100.202210260954/tools/bin/../lib/gcc/arm-none-eabi/10.3.1/../../../../arm-none-eabi/lib/thumb/v7e-m+fp/hard/libc_nano.a(lib_a-nano-svfprintf.o) (_printf_i)
/Applications/STM32CubeIDE.app/Contents/Eclipse/plugins/com.st.stm32cube.ide.mcu.externaltools.gnu-tools-for-stm32.10.3-2021.10.macos64_1.0.100.202210260954/tools/bin/../lib/gcc/arm-none-eabi/10.3.1/../../../../arm-none-eabi/lib/thumb/v7e-m+fp/hard/libc_nano.a(lib_a-memchr.o)
[...]
Memory Configuration

Name             Origin             Length             Attributes
CCMRAM           0x0000000010000000 0x0000000000010000 xrw
RAM              0x0000000020000000 0x0000000000020000 xrw
FLASH            0x0000000008000000 0x0000000000100000 xr
*default*        0x0000000000000000 0xffffffffffffffff

Linker script and memory map

LOAD /Applications/STM32CubeIDE.app/Contents/Eclipse/plugins/com.st.stm32cube.ide.mcu.externaltools.gnu-tools-for-stm32.10.3-2021.10.macos64_1.0.100.202210260954/tools/bin/../lib/gcc/arm-none-eabi/10.3.1/thumb/v7e-m+fp/hard/crti.o
LOAD /Applications/STM32CubeIDE.app/Contents/Eclipse/plugins/com.st.stm32cube.ide.mcu.externaltools.gnu-tools-for-stm32.10.3-2021.10.macos64_1.0.100.202210260954/tools/bin/../lib/gcc/arm-none-eabi/10.3.1/thumb/v7e-m+fp/hard/crtbegin.o
LOAD /Applications/STM32CubeIDE.app/Contents/Eclipse/plugins/com.st.stm32cube.ide.mcu.externaltools.gnu-tools-for-stm32.10.3-2021.10.macos64_1.0.100.202210260954/tools/bin/../lib/gcc/arm-none-eabi/10.3.1/../../../../arm-none-eabi/lib/thumb/v7e-m+fp/hard/crt0.o
LOAD ./Core/Src/dht11.o
LOAD ./Core/Src/i2c-lcd.o
LOAD ./Core/Src/main.o
LOAD ./Core/Src/stm32f4xx_hal_msp.o
LOAD ./Core/Src/stm32f4xx_hal_timebase_tim.o
LOAD ./Core/Src/stm32f4xx_it.o
LOAD ./Core/Src/syscalls.o
LOAD ./Core/Src/sysmem.o
LOAD ./Core/Src/system_stm32f4xx.o
LOAD ./Core/Startup/startup_stm32f407vgtx.o
LOAD ./Drivers/STM32F4xx_HAL_Driver/Src/stm32f4xx_hal.o
LOAD ./Drivers/STM32F4xx_HAL_Driver/Src/stm32f4xx_hal_cortex.o
LOAD ./Drivers/STM32F4xx_HAL_Driver/Src/stm32f4xx_hal_dma.o
LOAD ./Drivers/STM32F4xx_HAL_Driver/Src/stm32f4xx_hal_dma_ex.o
LOAD ./Drivers/STM32F4xx_HAL_Driver/Src/stm32f4xx_hal_exti.o
LOAD ./Drivers/STM32F4xx_HAL_Driver/Src/stm32f4xx_hal_flash.o
LOAD ./Drivers/STM32F4xx_HAL_Driver/Src/stm32f4xx_hal_flash_ex.o
LOAD ./Drivers/STM32F4xx_HAL_Driver/Src/stm32f4xx_hal_flash_ramfunc.o
LOAD ./Drivers/STM32F4xx_HAL_Driver/Src/stm32f4xx_hal_gpio.o
LOAD ./Drivers/STM32F4xx_HAL_Driver/Src/stm32f4xx_hal_i2c.o
LOAD ./Drivers/STM32F4xx_HAL_Driver/Src/stm32f4xx_hal_i2c_ex.o
LOAD ./Drivers/STM32F4xx_HAL_Driver/Src/stm32f4xx_hal_pwr.o
LOAD ./Drivers/STM32F4xx_HAL_Driver/Src/stm32f4xx_hal_pwr_ex.o
LOAD ./Drivers/STM32F4xx_HAL_Driver/Src/stm32f4xx_hal_rcc.o
LOAD ./Drivers/STM32F4xx_HAL_Driver/Src/stm32f4xx_hal_rcc_ex.o
LOAD ./Drivers/STM32F4xx_HAL_Driver/Src/stm32f4xx_hal_tim.o
LOAD ./Drivers/STM32F4xx_HAL_Driver/Src/stm32f4xx_hal_tim_ex.o
LOAD ./FreeRTOS/croutine.o
LOAD ./FreeRTOS/list.o
LOAD ./FreeRTOS/queue.o
LOAD ./FreeRTOS/stream_buffer.o
LOAD ./FreeRTOS/tasks.o
LOAD ./FreeRTOS/timers.o
LOAD ./FreeRTOS/portable/ARM_CM4F/port.o
LOAD ./FreeRTOS/portable/MemMang/heap_4.o
START GROUP
LOAD /Applications/STM32CubeIDE.app/Contents/Eclipse/plugins/com.st.stm32cube.ide.mcu.externaltools.gnu-tools-for-stm32.10.3-2021.10.macos64_1.0.100.202210260954/tools/bin/../lib/gcc/arm-none-eabi/10.3.1/../../../../arm-none-eabi/lib/thumb/v7e-m+fp/hard/libc_nano.a
LOAD /Applications/STM32CubeIDE.app/Contents/Eclipse/plugins/com.st.stm32cube.ide.mcu.externaltools.gnu-tools-for-stm32.10.3-2021.10.macos64_1.0.100.202210260954/tools/bin/../lib/gcc/arm-none-eabi/10.3.1/../../../../arm-none-eabi/lib/thumb/v7e-m+fp/hard/libm.a
END GROUP
START GROUP
LOAD /Applications/STM32CubeIDE.app/Contents/Eclipse/plugins/com.st.stm32cube.ide.mcu.externaltools.gnu-tools-for-stm32.10.3-2021.10.macos64_1.0.100.202210260954/tools/bin/../lib/gcc/arm-none-eabi/10.3.1/thumb/v7e-m+fp/hard/libgcc.a
LOAD /Applications/STM32CubeIDE.app/Contents/Eclipse/plugins/com.st.stm32cube.ide.mcu.externaltools.gnu-tools-for-stm32.10.3-2021.10.macos64_1.0.100.202210260954/tools/bin/../lib/gcc/arm-none-eabi/10.3.1/../../../../arm-none-eabi/lib/thumb/v7e-m+fp/hard/libc_nano.a
END GROUP
START GROUP
LOAD /Applications/STM32CubeIDE.app/Contents/Eclipse/plugins/com.st.stm32cube.ide.mcu.externaltools.gnu-tools-for-stm32.10.3-2021.10.macos64_1.0.100.202210260954/tools/bin/../lib/gcc/arm-none-eabi/10.3.1/thumb/v7e-m+fp/hard/libgcc.a
LOAD /Applications/STM32CubeIDE.app/Contents/Eclipse/plugins/com.st.stm32cube.ide.mcu.externaltools.gnu-tools-for-stm32.10.3-2021.10.macos64_1.0.100.202210260954/tools/bin/../lib/gcc/arm-none-eabi/10.3.1/../../../../arm-none-eabi/lib/thumb/v7e-m+fp/hard/libc_nano.a
LOAD /Applications/STM32CubeIDE.app/Contents/Eclipse/plugins/com.st.stm32cube.ide.mcu.externaltools.gnu-tools-for-stm32.10.3-2021.10.macos64_1.0.100.202210260954/tools/bin/../lib/gcc/arm-none-eabi/10.3.1/../../../../arm-none-eabi/lib/thumb/v7e-m+fp/hard/libnosys.a
END GROUP
START GROUP
LOAD /Applications/STM32CubeIDE.app/Contents/Eclipse/plugins/com.st.stm32cube.ide.mcu.externaltools.gnu-tools-for-stm32.10.3-2021.10.macos64_1.0.100.202210260954/tools/bin/../lib/gcc/arm-none-eabi/10.3.1/thumb/v7e-m+fp/hard/libgcc.a
LOAD /Applications/STM32CubeIDE.app/Contents/Eclipse/plugins/com.st.stm32cube.ide.mcu.externaltools.gnu-tools-for-stm32.10.3-2021.10.macos64_1.0.100.202210260954/tools/bin/../lib/gcc/arm-none-eabi/10.3.1/../../../../arm-none-eabi/lib/thumb/v7e-m+fp/hard/libc_nano.a
LOAD /Applications/STM32CubeIDE.app/Contents/Eclipse/plugins/com.st.stm32cube.ide.mcu.externaltools.gnu-tools-for-stm32.10.3-2021.10.macos64_1.0.100.202210260954/tools/bin/../lib/gcc/arm-none-eabi/10.3.1/../../../../arm-none-eabi/lib/thumb/v7e-m+fp/hard/libnosys.a
END GROUP
LOAD /Applications/STM32CubeIDE.app/Contents/Eclipse/plugins/com.st.stm32cube.ide.mcu.externaltools.gnu-tools-for-stm32.10.3-2021.10.macos64_1.0.100.202210260954/tools/bin/../lib/gcc/arm-none-eabi/10.3.1/thumb/v7e-m+fp/hard/crtend.o
LOAD /Applications/STM32CubeIDE.app/Contents/Eclipse/plugins/com.st.stm32cube.ide.mcu.externaltools.gnu-tools-for-stm32.10.3-2021.10.macos64_1.0.100.202210260954/tools/bin/../lib/gcc/arm-none-eabi/10.3.1/thumb/v7e-m+fp/hard/crtn.o
                0x0000000020020000                _estack = (ORIGIN (RAM) + LENGTH (RAM))
                0x0000000000000200                _Min_Heap_Size = 0x200
                0x0000000000000400                _Min_Stack_Size = 0x400

.isr_vector     0x0000000008000000      0x188
                0x0000000008000000                . = ALIGN (0x4)
 *(.isr_vector)
 .isr_vector    0x0000000008000000      0x188 ./Core/Startup/startup_stm32f407vgtx.o
                0x0000000008000000                g_pfnVectors
                0x0000000008000188                . = ALIGN (0x4)

.text           0x0000000008000190     0x69d4
                0x0000000008000190                . = ALIGN (0x4)
 *(.text)
 .text          0x0000000008000190       0x40 /Applications/STM32CubeIDE.app/Contents/Eclipse/plugins/com.st.stm32cube.ide.mcu.externaltools.gnu-tools-for-stm32.10.3-2021.10.macos64_1.0.100.202210260954/tools/bin/../lib/gcc/arm-none-eabi/10.3.1/thumb/v7e-m+fp/hard/crtbegin.o
 .text          0x00000000080001d0       0xa0 /Applications/STM32CubeIDE.app/Contents/Eclipse/plugins/com.st.stm32cube.ide.mcu.externaltools.gnu-tools-for-stm32.10.3-2021.10.macos64_1.0.100.202210260954/tools/bin/../lib/gcc/arm-none-eabi/10.3.1/../../../../arm-none-eabi/lib/thumb/v7e-m+fp/hard/libc_nano.a(lib_a-memchr.o)
                0x00000000080001d0                memchr
 .text          0x0000000008000270       0x30 /Applications/STM32CubeIDE.app/Contents/Eclipse/plugins/com.st.stm32cube.ide.mcu.externaltools.gnu-tools-for-stm32.10.3-2021.10.macos64_1.0.100.202210260954/tools/bin/../lib/gcc/arm-none-eabi/10.3.1/thumb/v7e-m+fp/hard/libgcc.a(_aeabi_uldivmod.o)
                0x0000000008000270                __aeabi_uldivmod
 .text          0x00000000080002a0      0x2d0 /Applications/STM32CubeIDE.app/Contents/Eclipse/plugins/com.st.stm32cube.ide.mcu.externaltools.gnu-tools-for-stm32.10.3-2021.10.macos64_1.0.100.202210260954/tools/bin/../lib/gcc/arm-none-eabi/10.3.1/thumb/v7e-m+fp/hard/libgcc.a(_udivmoddi4.o)
                0x00000000080002a0                __udivmoddi4
 .text          0x0000000008000570        0x4 /Applications/STM32CubeIDE.app/Contents/Eclipse/plugins/com.st.stm32cube.ide.mcu.externaltools.gnu-tools-for-stm32.10.3-2021.10.macos64_1.0.100.202210260954/tools/bin/../lib/gcc/arm-none-eabi/10.3.1/thumb/v7e-m+fp/hard/libgcc.a(_dvmd_tls.o)
                0x0000000008000570                __aeabi_ldiv0
                0x0000000008000570                __aeabi_idiv0
 *(.text*)
 .text.lcd_send_cmd
                0x0000000008000574       0x70 ./Core/Src/i2c-lcd.o
                0x0000000008000574                lcd_send_cmd
 .text.lcd_send_data
                0x00000000080005e4       0x70 ./Core/Src/i2c-lcd.o
                0x00000000080005e4                lcd_send_data
 .text.lcd_send_string
                0x0000000008000654       0x2a ./Core/Src/i2c-lcd.o
                0x0000000008000654                lcd_send_string
 .text.lcd_clear
                0x000000000800067e       0x14 ./Core/Src/i2c-lcd.o
                0x000000000800067e                lcd_clear
 .text.lcd_put_cur
                0x0000000008000692       0x3e ./Core/Src/i2c-lcd.o
                0x0000000008000692                lcd_put_cur
 .text.lcd_init
                0x00000000080006d0       0x7a ./Core/Src/i2c-lcd.o
                0x00000000080006d0                lcd_init
 *fill*         0x000000000800074a        0x2 
 .text.InfraredTask
                0x000000000800074c       0x4c ./Core/Src/main.o
                0x000000000800074c                InfraredTask
 .text.ButtonTask
                0x0000000008000798       0x7c ./Core/Src/main.o
                0x0000000008000798                ButtonTask
 .text.Display  0x0000000008000814      0x100 ./Core/Src/main.o
                0x0000000008000814                Display
 .text.Beep     0x0000000008000914       0x58 ./Core/Src/main.o
                0x0000000008000914                Beep
 .text.Motor_Task
                0x000000000800096c       0xa8 ./Core/Src/main.o
                0x000000000800096c                Motor_Task
 .text.BuzzerTask
                0x0000000008000a14       0x44 ./Core/Src/main.o
                0x0000000008000a14                BuzzerTask
 .text.HAL_GPIO_EXTI_Callback
                0x0000000008000a58       0x3c ./Core/Src/main.o
                0x0000000008000a58                HAL_GPIO_EXTI_Callback
 .text.TimerTask
                0x0000000008000a94       0x40 ./Core/Src/main.o
                0x0000000008000a94                TimerTask
 .text.main     0x0000000008000ad4       0xe4 ./Core/Src/main.o
                0x0000000008000ad4                main
 .text.SystemClock_Config
                0x0000000008000bb8       0xd4 ./Core/Src/main.o
                0x0000000008000bb8                SystemClock_Config
 .text.MX_I2C1_Init
                0x0000000008000c8c       0x5c ./Core/Src/main.o
 .text.MX_TIM2_Init
                0x0000000008000ce8       0xb4 ./Core/Src/main.o
 .text.MX_GPIO_Init
                0x0000000008000d9c      0x2e8 ./Core/Src/main.o
 .text.HAL_TIM_PeriodElapsedCallback
                0x0000000008001084       0x24 ./Core/Src/main.o
                0x0000000008001084                HAL_TIM_PeriodElapsedCallback
 .text.Error_Handler
                0x00000000080010a8        0xa ./Core/Src/main.o
                0x00000000080010a8                Error_Handler
 *fill*         0x00000000080010b2        0x2 
 .text.HAL_MspInit
                0x00000000080010b4       0x50 ./Core/Src/stm32f4xx_hal_msp.o
                0x00000000080010b4                HAL_MspInit
 .text.HAL_I2C_MspInit
                0x0000000008001104       0xb0 ./Core/Src/stm32f4xx_hal_msp.o
                0x0000000008001104                HAL_I2C_MspInit
 .text.HAL_TIM_PWM_MspInit
                0x00000000080011b4       0x40 ./Core/Src/stm32f4xx_hal_msp.o
                0x00000000080011b4                HAL_TIM_PWM_MspInit
 .text.HAL_TIM_MspPostInit
                0x00000000080011f4       0x70 ./Core/Src/stm32f4xx_hal_msp.o
                0x00000000080011f4                HAL_TIM_MspPostInit
 .text.HAL_InitTick
                0x0000000008001264       0xf8 ./Core/Src/stm32f4xx_hal_timebase_tim.o
                0x0000000008001264                HAL_InitTick
 .text.NMI_Handler
                0x000000000800135c        0x6 ./Core/Src/stm32f4xx_it.o
                0x000000000800135c                NMI_Handler
 .text.HardFault_Handler
                0x0000000008001362        0x6 ./Core/Src/stm32f4xx_it.o
                0x0000000008001362                HardFault_Handler
 .text.MemManage_Handler
                0x0000000008001368        0x6 ./Core/Src/stm32f4xx_it.o
                0x0000000008001368                MemManage_Handler
 .text.BusFault_Handler
                0x000000000800136e        0x6 ./Core/Src/stm32f4xx_it.o
                0x000000000800136e                BusFault_Handler
 .text.UsageFault_Handler
                0x0000000008001374        0x6 ./Core/Src/stm32f4xx_it.o
                0x0000000008001374                UsageFault_Handler
 .text.DebugMon_Handler
                0x000000000800137a        0xe ./Core/Src/stm32f4xx_it.o
                0x000000000800137a                DebugMon_Handler
 .text.EXTI9_5_IRQHandler
                0x0000000008001388        0xe ./Core/Src/stm32f4xx_it.o
                0x0000000008001388                EXTI9_5_IRQHandler
 *fill*         0x0000000008001396        0x2 
 .text.TIM7_IRQHandler
                0x0000000008001398       0x14 ./Core/Src/stm32f4xx_it.o
                0x0000000008001398                TIM7_IRQHandler
 .text._sbrk    0x00000000080013ac       0x6c ./Core/Src/sysmem.o
                0x00000000080013ac                _sbrk
 .text.SystemInit
                0x0000000008001418       0x24 ./Core/Src/system_stm32f4xx.o
                0x0000000008001418                SystemInit
 .text.Reset_Handler
                0x000000000800143c       0x50 ./Core/Startup/startup_stm32f407vgtx.o
                0x000000000800143c                Reset_Handler
 .text.Default_Handler
                0x000000000800148c        0x2 ./Core/Startup/startup_stm32f407vgtx.o
                0x000000000800148c                DMA1_Stream3_IRQHandler
                0x000000000800148c                HASH_RNG_IRQHandler
                0x000000000800148c                EXTI2_IRQHandler
                0x000000000800148c                TIM8_CC_IRQHandler
                0x000000000800148c                TIM1_CC_IRQHandler
                0x000000000800148c                DMA2_Stream5_IRQHandler
                0x000000000800148c                DMA1_Stream5_IRQHandler
                0x000000000800148c                PVD_IRQHandler
                0x000000000800148c                SDIO_IRQHandler
                0x000000000800148c                TAMP_STAMP_IRQHandler
                0x000000000800148c                CAN2_RX1_IRQHandler
                0x000000000800148c                EXTI3_IRQHandler
                0x000000000800148c                TIM8_TRG_COM_TIM14_IRQHandler
                0x000000000800148c                TIM1_UP_TIM10_IRQHandler
                0x000000000800148c                TIM8_UP_TIM13_IRQHandler
                0x000000000800148c                I2C3_ER_IRQHandler
                0x000000000800148c                EXTI0_IRQHandler
                0x000000000800148c                I2C2_EV_IRQHandler
                0x000000000800148c                DMA1_Stream2_IRQHandler
                0x000000000800148c                CAN1_RX0_IRQHandler
                0x000000000800148c                FPU_IRQHandler
                0x000000000800148c                OTG_HS_WKUP_IRQHandler
                0x000000000800148c                CAN2_SCE_IRQHandler
                0x000000000800148c                DMA2_Stream2_IRQHandler
                0x000000000800148c                SPI1_IRQHandler
                0x000000000800148c                TIM6_DAC_IRQHandler
                0x000000000800148c                TIM1_BRK_TIM9_IRQHandler
                0x000000000800148c                DCMI_IRQHandler
                0x000000000800148c                CAN2_RX0_IRQHandler
                0x000000000800148c                DMA2_Stream3_IRQHandler
                0x000000000800148c                USART6_IRQHandler
                0x000000000800148c                USART3_IRQHandler
                0x000000000800148c                CAN1_RX1_IRQHandler
                0x000000000800148c                UART5_IRQHandler
                0x000000000800148c                DMA2_Stream0_IRQHandler
                0x000000000800148c                TIM4_IRQHandler
                0x000000000800148c                I2C1_EV_IRQHandler
                0x000000000800148c                DMA1_Stream6_IRQHandler
                0x000000000800148c                DMA1_Stream1_IRQHandler
                0x000000000800148c                UART4_IRQHandler
                0x000000000800148c                TIM3_IRQHandler
                0x000000000800148c                RCC_IRQHandler
                0x000000000800148c                TIM8_BRK_TIM12_IRQHandler
                0x000000000800148c                Default_Handler
                0x000000000800148c                EXTI15_10_IRQHandler
                0x000000000800148c                ADC_IRQHandler
                0x000000000800148c                DMA1_Stream7_IRQHandler
                0x000000000800148c                CAN2_TX_IRQHandler
                0x000000000800148c                TIM5_IRQHandler
                0x000000000800148c                DMA2_Stream7_IRQHandler
                0x000000000800148c                I2C3_EV_IRQHandler
                0x000000000800148c                RTC_WKUP_IRQHandler
                0x000000000800148c                ETH_WKUP_IRQHandler
                0x000000000800148c                SPI2_IRQHandler
                0x000000000800148c                OTG_HS_EP1_IN_IRQHandler
                0x000000000800148c                DMA1_Stream0_IRQHandler
                0x000000000800148c                CAN1_TX_IRQHandler
                0x000000000800148c                EXTI4_IRQHandler
                0x000000000800148c                FSMC_IRQHandler
                0x000000000800148c                ETH_IRQHandler
                0x000000000800148c                OTG_HS_EP1_OUT_IRQHandler
                0x000000000800148c                WWDG_IRQHandler
                0x000000000800148c                TIM2_IRQHandler
                0x000000000800148c                OTG_FS_WKUP_IRQHandler
                0x000000000800148c                TIM1_TRG_COM_TIM11_IRQHandler
                0x000000000800148c                OTG_HS_IRQHandler
                0x000000000800148c                EXTI1_IRQHandler
                0x000000000800148c                USART2_IRQHandler
                0x000000000800148c                I2C2_ER_IRQHandler
                0x000000000800148c                DMA2_Stream1_IRQHandler
                0x000000000800148c                CAN1_SCE_IRQHandler
                0x000000000800148c                FLASH_IRQHandler
                0x000000000800148c                DMA2_Stream4_IRQHandler
                0x000000000800148c                USART1_IRQHandler
                0x000000000800148c                OTG_FS_IRQHandler
                0x000000000800148c                SPI3_IRQHandler
                0x000000000800148c                DMA1_Stream4_IRQHandler
                0x000000000800148c                I2C1_ER_IRQHandler
                0x000000000800148c                DMA2_Stream6_IRQHandler
                0x000000000800148c                RTC_Alarm_IRQHandler
 *fill*         0x000000000800148e        0x2 
 .text.HAL_Init
                0x0000000008001490       0x44 ./Drivers/STM32F4xx_HAL_Driver/Src/stm32f4xx_hal.o
                0x0000000008001490                HAL_Init
 .text.HAL_IncTick
                0x00000000080014d4       0x28 ./Drivers/STM32F4xx_HAL_Driver/Src/stm32f4xx_hal.o
                0x00000000080014d4                HAL_IncTick
 .text.HAL_GetTick
                0x00000000080014fc       0x18 ./Drivers/STM32F4xx_HAL_Driver/Src/stm32f4xx_hal.o
                0x00000000080014fc                HAL_GetTick
 .text.HAL_Delay
                0x0000000008001514       0x48 ./Drivers/STM32F4xx_HAL_Driver/Src/stm32f4xx_hal.o
                0x0000000008001514                HAL_Delay
 .text.__NVIC_SetPriorityGrouping
                0x000000000800155c       0x48 ./Drivers/STM32F4xx_HAL_Driver/Src/stm32f4xx_hal_cortex.o
 .text.__NVIC_GetPriorityGrouping
                0x00000000080015a4       0x1c ./Drivers/STM32F4xx_HAL_Driver/Src/stm32f4xx_hal_cortex.o
 .text.__NVIC_EnableIRQ
                0x00000000080015c0       0x3c ./Drivers/STM32F4xx_HAL_Driver/Src/stm32f4xx_hal_cortex.o
 .text.__NVIC_SetPriority
                0x00000000080015fc       0x54 ./Drivers/STM32F4xx_HAL_Driver/Src/stm32f4xx_hal_cortex.o
 .text.NVIC_EncodePriority
                0x0000000008001650       0x66 ./Drivers/STM32F4xx_HAL_Driver/Src/stm32f4xx_hal_cortex.o
 .text.HAL_NVIC_SetPriorityGrouping
                0x00000000080016b6       0x16 ./Drivers/STM32F4xx_HAL_Driver/Src/stm32f4xx_hal_cortex.o
                0x00000000080016b6                HAL_NVIC_SetPriorityGrouping
 .text.HAL_NVIC_SetPriority
                0x00000000080016cc       0x38 ./Drivers/STM32F4xx_HAL_Driver/Src/stm32f4xx_hal_cortex.o
                0x00000000080016cc                HAL_NVIC_SetPriority
 .text.HAL_NVIC_EnableIRQ
                0x0000000008001704       0x1c ./Drivers/STM32F4xx_HAL_Driver/Src/stm32f4xx_hal_cortex.o
                0x0000000008001704                HAL_NVIC_EnableIRQ
 .text.HAL_GPIO_Init
                0x0000000008001720      0x338 ./Drivers/STM32F4xx_HAL_Driver/Src/stm32f4xx_hal_gpio.o
                0x0000000008001720                HAL_GPIO_Init
 .text.HAL_GPIO_ReadPin
                0x0000000008001a58       0x30 ./Drivers/STM32F4xx_HAL_Driver/Src/stm32f4xx_hal_gpio.o
                0x0000000008001a58                HAL_GPIO_ReadPin
 .text.HAL_GPIO_WritePin
                0x0000000008001a88       0x32 ./Drivers/STM32F4xx_HAL_Driver/Src/stm32f4xx_hal_gpio.o
                0x0000000008001a88                HAL_GPIO_WritePin
 .text.HAL_GPIO_TogglePin
                0x0000000008001aba       0x34 ./Drivers/STM32F4xx_HAL_Driver/Src/stm32f4xx_hal_gpio.o
                0x0000000008001aba                HAL_GPIO_TogglePin
 *fill*         0x0000000008001aee        0x2 
 .text.HAL_GPIO_EXTI_IRQHandler
                0x0000000008001af0       0x30 ./Drivers/STM32F4xx_HAL_Driver/Src/stm32f4xx_hal_gpio.o
                0x0000000008001af0                HAL_GPIO_EXTI_IRQHandler
 .text.HAL_I2C_Init
                0x0000000008001b20      0x288 ./Drivers/STM32F4xx_HAL_Driver/Src/stm32f4xx_hal_i2c.o
                0x0000000008001b20                HAL_I2C_Init
 .text.HAL_I2C_Master_Transmit
                0x0000000008001da8      0x1fc ./Drivers/STM32F4xx_HAL_Driver/Src/stm32f4xx_hal_i2c.o
                0x0000000008001da8                HAL_I2C_Master_Transmit
 .text.I2C_MasterRequestWrite
                0x0000000008001fa4      0x104 ./Drivers/STM32F4xx_HAL_Driver/Src/stm32f4xx_hal_i2c.o
 .text.I2C_WaitOnFlagUntilTimeout
                0x00000000080020a8       0xae ./Drivers/STM32F4xx_HAL_Driver/Src/stm32f4xx_hal_i2c.o
 .text.I2C_WaitOnMasterAddressFlagUntilTimeout
                0x0000000008002156       0xfe ./Drivers/STM32F4xx_HAL_Driver/Src/stm32f4xx_hal_i2c.o
 .text.I2C_WaitOnTXEFlagUntilTimeout
                0x0000000008002254       0x82 ./Drivers/STM32F4xx_HAL_Driver/Src/stm32f4xx_hal_i2c.o
 .text.I2C_WaitOnBTFFlagUntilTimeout
                0x00000000080022d6       0x82 ./Drivers/STM32F4xx_HAL_Driver/Src/stm32f4xx_hal_i2c.o
 .text.I2C_IsAcknowledgeFailed
                0x0000000008002358       0x5e ./Drivers/STM32F4xx_HAL_Driver/Src/stm32f4xx_hal_i2c.o
 *fill*         0x00000000080023b6        0x2 
 .text.HAL_RCC_OscConfig
                0x00000000080023b8      0x4f0 ./Drivers/STM32F4xx_HAL_Driver/Src/stm32f4xx_hal_rcc.o
                0x00000000080023b8                HAL_RCC_OscConfig
 .text.HAL_RCC_ClockConfig
                0x00000000080028a8      0x1cc ./Drivers/STM32F4xx_HAL_Driver/Src/stm32f4xx_hal_rcc.o
                0x00000000080028a8                HAL_RCC_ClockConfig
 .text.HAL_RCC_GetSysClockFreq
                0x0000000008002a74      0x20c ./Drivers/STM32F4xx_HAL_Driver/Src/stm32f4xx_hal_rcc.o
                0x0000000008002a74                HAL_RCC_GetSysClockFreq
 .text.HAL_RCC_GetHCLKFreq
                0x0000000008002c80       0x18 ./Drivers/STM32F4xx_HAL_Driver/Src/stm32f4xx_hal_rcc.o
                0x0000000008002c80                HAL_RCC_GetHCLKFreq
 .text.HAL_RCC_GetPCLK1Freq
                0x0000000008002c98       0x28 ./Drivers/STM32F4xx_HAL_Driver/Src/stm32f4xx_hal_rcc.o
                0x0000000008002c98                HAL_RCC_GetPCLK1Freq
 .text.HAL_RCC_GetClockConfig
                0x0000000008002cc0       0x64 ./Drivers/STM32F4xx_HAL_Driver/Src/stm32f4xx_hal_rcc.o
                0x0000000008002cc0                HAL_RCC_GetClockConfig
 .text.HAL_TIM_Base_Init
                0x0000000008002d24       0x9e ./Drivers/STM32F4xx_HAL_Driver/Src/stm32f4xx_hal_tim.o
                0x0000000008002d24                HAL_TIM_Base_Init
 .text.HAL_TIM_Base_MspInit
                0x0000000008002dc2       0x14 ./Drivers/STM32F4xx_HAL_Driver/Src/stm32f4xx_hal_tim.o
                0x0000000008002dc2                HAL_TIM_Base_MspInit
 *fill*         0x0000000008002dd6        0x2 
 .text.HAL_TIM_Base_Start_IT
                0x0000000008002dd8       0xe0 ./Drivers/STM32F4xx_HAL_Driver/Src/stm32f4xx_hal_tim.o
                0x0000000008002dd8                HAL_TIM_Base_Start_IT
 .text.HAL_TIM_PWM_Init
                0x0000000008002eb8       0x9e ./Drivers/STM32F4xx_HAL_Driver/Src/stm32f4xx_hal_tim.o
                0x0000000008002eb8                HAL_TIM_PWM_Init
 *fill*         0x0000000008002f56        0x2 
 .text.HAL_TIM_PWM_Start
                0x0000000008002f58      0x190 ./Drivers/STM32F4xx_HAL_Driver/Src/stm32f4xx_hal_tim.o
                0x0000000008002f58                HAL_TIM_PWM_Start
 .text.HAL_TIM_IRQHandler
                0x00000000080030e8      0x210 ./Drivers/STM32F4xx_HAL_Driver/Src/stm32f4xx_hal_tim.o
                0x00000000080030e8                HAL_TIM_IRQHandler
 .text.HAL_TIM_PWM_ConfigChannel
                0x00000000080032f8      0x184 ./Drivers/STM32F4xx_HAL_Driver/Src/stm32f4xx_hal_tim.o
                0x00000000080032f8                HAL_TIM_PWM_ConfigChannel
 .text.HAL_TIM_OC_DelayElapsedCallback
                0x000000000800347c       0x14 ./Drivers/STM32F4xx_HAL_Driver/Src/stm32f4xx_hal_tim.o
                0x000000000800347c                HAL_TIM_OC_DelayElapsedCallback
 .text.HAL_TIM_IC_CaptureCallback
                0x0000000008003490       0x14 ./Drivers/STM32F4xx_HAL_Driver/Src/stm32f4xx_hal_tim.o
                0x0000000008003490                HAL_TIM_IC_CaptureCallback
 .text.HAL_TIM_PWM_PulseFinishedCallback
                0x00000000080034a4       0x14 ./Drivers/STM32F4xx_HAL_Driver/Src/stm32f4xx_hal_tim.o
                0x00000000080034a4                HAL_TIM_PWM_PulseFinishedCallback
 .text.HAL_TIM_TriggerCallback
                0x00000000080034b8       0x14 ./Drivers/STM32F4xx_HAL_Driver/Src/stm32f4xx_hal_tim.o
                0x00000000080034b8                HAL_TIM_TriggerCallback
 .text.TIM_Base_SetConfig
                0x00000000080034cc      0x140 ./Drivers/STM32F4xx_HAL_Driver/Src/stm32f4xx_hal_tim.o
                0x00000000080034cc                TIM_Base_SetConfig
 .text.TIM_OC1_SetConfig
                0x000000000800360c       0xe0 ./Drivers/STM32F4xx_HAL_Driver/Src/stm32f4xx_hal_tim.o
 .text.TIM_OC2_SetConfig
                0x00000000080036ec       0xec ./Drivers/STM32F4xx_HAL_Driver/Src/stm32f4xx_hal_tim.o
                0x00000000080036ec                TIM_OC2_SetConfig
 .text.TIM_OC3_SetConfig
                0x00000000080037d8       0xe8 ./Drivers/STM32F4xx_HAL_Driver/Src/stm32f4xx_hal_tim.o
 .text.TIM_OC4_SetConfig
                0x00000000080038c0       0xac ./Drivers/STM32F4xx_HAL_Driver/Src/stm32f4xx_hal_tim.o
 .text.TIM_CCxChannelCmd
                0x000000000800396c       0x4a ./Drivers/STM32F4xx_HAL_Driver/Src/stm32f4xx_hal_tim.o
                0x000000000800396c                TIM_CCxChannelCmd
 *fill*         0x00000000080039b6        0x2 
 .text.HAL_TIMEx_MasterConfigSynchronization
                0x00000000080039b8       0xf8 ./Drivers/STM32F4xx_HAL_Driver/Src/stm32f4xx_hal_tim_ex.o
                0x00000000080039b8                HAL_TIMEx_MasterConfigSynchronization
 .text.HAL_TIMEx_CommutCallback
                0x0000000008003ab0       0x14 ./Drivers/STM32F4xx_HAL_Driver/Src/stm32f4xx_hal_tim_ex.o
                0x0000000008003ab0                HAL_TIMEx_CommutCallback
 .text.HAL_TIMEx_BreakCallback
                0x0000000008003ac4       0x14 ./Drivers/STM32F4xx_HAL_Driver/Src/stm32f4xx_hal_tim_ex.o
                0x0000000008003ac4                HAL_TIMEx_BreakCallback
 .text.vListInitialise
                0x0000000008003ad8       0x40 ./FreeRTOS/list.o
                0x0000000008003ad8                vListInitialise
 .text.vListInitialiseItem
                0x0000000008003b18       0x1a ./FreeRTOS/list.o
                0x0000000008003b18                vListInitialiseItem
 .text.vListInsertEnd
                0x0000000008003b32       0x48 ./FreeRTOS/list.o
                0x0000000008003b32                vListInsertEnd
 .text.vListInsert
                0x0000000008003b7a       0x72 ./FreeRTOS/list.o
                0x0000000008003b7a                vListInsert
 .text.uxListRemove
                0x0000000008003bec       0x54 ./FreeRTOS/list.o
                0x0000000008003bec                uxListRemove
 .text.xQueueGenericReset
                0x0000000008003c40       0xd0 ./FreeRTOS/queue.o
                0x0000000008003c40                xQueueGenericReset
 .text.xQueueGenericCreate
                0x0000000008003d10       0x78 ./FreeRTOS/queue.o
                0x0000000008003d10                xQueueGenericCreate
 .text.prvInitialiseNewQueue
                0x0000000008003d88       0x46 ./FreeRTOS/queue.o
 *fill*         0x0000000008003dce        0x2 
 .text.xQueueGenericSend
                0x0000000008003dd0      0x1fc ./FreeRTOS/queue.o
                0x0000000008003dd0                xQueueGenericSend
 .text.xQueueGenericSendFromISR
                0x0000000008003fcc      0x130 ./FreeRTOS/queue.o
                0x0000000008003fcc                xQueueGenericSendFromISR
 .text.xQueueReceive
                0x00000000080040fc      0x1c0 ./FreeRTOS/queue.o
                0x00000000080040fc                xQueueReceive
 .text.prvCopyDataToQueue
                0x00000000080042bc       0xd4 ./FreeRTOS/queue.o
 .text.prvCopyDataFromQueue
                0x0000000008004390       0x4c ./FreeRTOS/queue.o
 .text.prvUnlockQueue
                0x00000000080043dc       0xa4 ./FreeRTOS/queue.o
 .text.prvIsQueueEmpty
                0x0000000008004480       0x2c ./FreeRTOS/queue.o
 .text.prvIsQueueFull
                0x00000000080044ac       0x30 ./FreeRTOS/queue.o
 .text.vQueueAddToRegistry
                0x00000000080044dc       0x54 ./FreeRTOS/queue.o
                0x00000000080044dc                vQueueAddToRegistry
 .text.vQueueWaitForMessageRestricted
                0x0000000008004530       0x68 ./FreeRTOS/queue.o
                0x0000000008004530                vQueueWaitForMessageRestricted
 .text.xTaskCreate
                0x0000000008004598       0x82 ./FreeRTOS/tasks.o
                0x0000000008004598                xTaskCreate
 .text.prvInitialiseNewTask
                0x000000000800461a      0x11e ./FreeRTOS/tasks.o
 .text.prvAddNewTaskToReadyList
                0x0000000008004738       0xdc ./FreeRTOS/tasks.o
 .text.vTaskDelayUntil
                0x0000000008004814       0xfc ./FreeRTOS/tasks.o
                0x0000000008004814                vTaskDelayUntil
 .text.vTaskDelay
                0x0000000008004910       0x68 ./FreeRTOS/tasks.o
                0x0000000008004910                vTaskDelay
 .text.vTaskStartScheduler
                0x0000000008004978       0x9c ./FreeRTOS/tasks.o
                0x0000000008004978                vTaskStartScheduler
 .text.vTaskSuspendAll
                0x0000000008004a14       0x1c ./FreeRTOS/tasks.o
                0x0000000008004a14                vTaskSuspendAll
 .text.xTaskResumeAll
                0x0000000008004a30      0x138 ./FreeRTOS/tasks.o
                0x0000000008004a30                xTaskResumeAll
 .text.xTaskGetTickCount
                0x0000000008004b68       0x20 ./FreeRTOS/tasks.o
                0x0000000008004b68                xTaskGetTickCount
 .text.xTaskIncrementTick
                0x0000000008004b88      0x170 ./FreeRTOS/tasks.o
                0x0000000008004b88                xTaskIncrementTick
 .text.vTaskSwitchContext
                0x0000000008004cf8       0xb8 ./FreeRTOS/tasks.o
                0x0000000008004cf8                vTaskSwitchContext
 .text.vTaskPlaceOnEventList
                0x0000000008004db0       0x48 ./FreeRTOS/tasks.o
                0x0000000008004db0                vTaskPlaceOnEventList
 .text.vTaskPlaceOnEventListRestricted
                0x0000000008004df8       0x58 ./FreeRTOS/tasks.o
                0x0000000008004df8                vTaskPlaceOnEventListRestricted
 .text.xTaskRemoveFromEventList
                0x0000000008004e50       0xc4 ./FreeRTOS/tasks.o
                0x0000000008004e50                xTaskRemoveFromEventList
 .text.vTaskInternalSetTimeOutState
                0x0000000008004f14       0x2c ./FreeRTOS/tasks.o
                0x0000000008004f14                vTaskInternalSetTimeOutState
 .text.xTaskCheckForTimeOut
                0x0000000008004f40       0xc4 ./FreeRTOS/tasks.o
                0x0000000008004f40                xTaskCheckForTimeOut
 .text.vTaskMissedYield
                0x0000000008005004       0x18 ./FreeRTOS/tasks.o
                0x0000000008005004                vTaskMissedYield
 .text.prvIdleTask
                0x000000000800501c       0x30 ./FreeRTOS/tasks.o
 .text.prvInitialiseTaskLists
                0x000000000800504c       0x80 ./FreeRTOS/tasks.o
 .text.prvCheckTasksWaitingTermination
                0x00000000080050cc       0x5c ./FreeRTOS/tasks.o
 .text.prvDeleteTCB
                0x0000000008005128       0x20 ./FreeRTOS/tasks.o
 .text.prvResetNextTaskUnblockTime
                0x0000000008005148       0x40 ./FreeRTOS/tasks.o
 .text.xTaskGetSchedulerState
                0x0000000008005188       0x3c ./FreeRTOS/tasks.o
                0x0000000008005188                xTaskGetSchedulerState
 .text.xTaskPriorityDisinherit
                0x00000000080051c4      0x10c ./FreeRTOS/tasks.o
                0x00000000080051c4                xTaskPriorityDisinherit
 .text.prvAddCurrentTaskToDelayedList
                0x00000000080052d0       0xcc ./FreeRTOS/tasks.o
 .text.xTimerCreateTimerTask
                0x000000000800539c       0x64 ./FreeRTOS/timers.o
                0x000000000800539c                xTimerCreateTimerTask
 .text.xTimerGenericCommand
                0x0000000008005400       0x9c ./FreeRTOS/timers.o
                0x0000000008005400                xTimerGenericCommand
 .text.prvProcessExpiredTimer
                0x000000000800549c       0x98 ./FreeRTOS/timers.o
 .text.prvTimerTask
                0x0000000008005534       0x24 ./FreeRTOS/timers.o
 .text.prvProcessTimerOrBlockTask
                0x0000000008005558       0x9c ./FreeRTOS/timers.o
 .text.prvGetNextExpireTime
                0x00000000080055f4       0x48 ./FreeRTOS/timers.o
 .text.prvSampleTimeNow
                0x000000000800563c       0x40 ./FreeRTOS/timers.o
 .text.prvInsertTimerInActiveList
                0x000000000800567c       0x84 ./FreeRTOS/timers.o
 .text.prvProcessReceivedCommands
                0x0000000008005700      0x18c ./FreeRTOS/timers.o
 .text.prvSwitchTimerLists
                0x000000000800588c       0xc8 ./FreeRTOS/timers.o
 .text.prvCheckForValidListAndQueue
                0x0000000008005954       0x6c ./FreeRTOS/timers.o
 .text.pxPortInitialiseStack
                0x00000000080059c0       0x68 ./FreeRTOS/portable/ARM_CM4F/port.o
                0x00000000080059c0                pxPortInitialiseStack
 .text.prvTaskExitError
                0x0000000008005a28       0x58 ./FreeRTOS/portable/ARM_CM4F/port.o
 .text.SVC_Handler
                0x0000000008005a80       0x28 ./FreeRTOS/portable/ARM_CM4F/port.o
                0x0000000008005a80                SVC_Handler
 .text.prvPortStartFirstTask
                0x0000000008005aa8       0x28 ./FreeRTOS/portable/ARM_CM4F/port.o
 .text.xPortStartScheduler
                0x0000000008005ad0      0x144 ./FreeRTOS/portable/ARM_CM4F/port.o
                0x0000000008005ad0                xPortStartScheduler
 .text.vPortEnterCritical
                0x0000000008005c14       0x60 ./FreeRTOS/portable/ARM_CM4F/port.o
                0x0000000008005c14                vPortEnterCritical
 .text.vPortExitCritical
                0x0000000008005c74       0x54 ./FreeRTOS/portable/ARM_CM4F/port.o
                0x0000000008005c74                vPortExitCritical
 *fill*         0x0000000008005cc8        0x8 
 .text.PendSV_Handler
                0x0000000008005cd0       0x68 ./FreeRTOS/portable/ARM_CM4F/port.o
                0x0000000008005cd0                PendSV_Handler
 .text.SysTick_Handler
                0x0000000008005d38       0x44 ./FreeRTOS/portable/ARM_CM4F/port.o
                0x0000000008005d38                SysTick_Handler
 .text.vPortSetupTimerInterrupt
                0x0000000008005d7c       0x48 ./FreeRTOS/portable/ARM_CM4F/port.o
                0x0000000008005d7c                vPortSetupTimerInterrupt
 .text.vPortEnableVFP
                0x0000000008005dc4       0x14 ./FreeRTOS/portable/ARM_CM4F/port.o
 .text.vPortValidateInterruptPriority
                0x0000000008005dd8       0x80 ./FreeRTOS/portable/ARM_CM4F/port.o
                0x0000000008005dd8                vPortValidateInterruptPriority
 .text.pvPortMalloc
                0x0000000008005e58      0x188 ./FreeRTOS/portable/MemMang/heap_4.o
                0x0000000008005e58                pvPortMalloc
 .text.vPortFree
                0x0000000008005fe0       0xb4 ./FreeRTOS/portable/MemMang/heap_4.o
                0x0000000008005fe0                vPortFree
 .text.prvHeapInit
                0x0000000008006094       0xc4 ./FreeRTOS/portable/MemMang/heap_4.o
 .text.prvInsertBlockIntoFreeList
                0x0000000008006158       0xb4 ./FreeRTOS/portable/MemMang/heap_4.o
 .text.__errno  0x000000000800620c        0xc /Applications/STM32CubeIDE.app/Contents/Eclipse/plugins/com.st.stm32cube.ide.mcu.externaltools.gnu-tools-for-stm32.10.3-2021.10.macos64_1.0.100.202210260954/tools/bin/../lib/gcc/arm-none-eabi/10.3.1/../../../../arm-none-eabi/lib/thumb/v7e-m+fp/hard/libc_nano.a(lib_a-errno.o)
                0x000000000800620c                __errno
 .text.__libc_init_array
                0x0000000008006218       0x48 /Applications/STM32CubeIDE.app/Contents/Eclipse/plugins/com.st.stm32cube.ide.mcu.externaltools.gnu-tools-for-stm32.10.3-2021.10.macos64_1.0.100.202210260954/tools/bin/../lib/gcc/arm-none-eabi/10.3.1/../../../../arm-none-eabi/lib/thumb/v7e-m+fp/hard/libc_nano.a(lib_a-init.o)
                0x0000000008006218                __libc_init_array
 .text.memcpy   0x0000000008006260       0x1c /Applications/STM32CubeIDE.app/Contents/Eclipse/plugins/com.st.stm32cube.ide.mcu.externaltools.gnu-tools-for-stm32.10.3-2021.10.macos64_1.0.100.202210260954/tools/bin/../lib/gcc/arm-none-eabi/10.3.1/../../../../arm-none-eabi/lib/thumb/v7e-m+fp/hard/libc_nano.a(lib_a-memcpy-stub.o)
                0x0000000008006260                memcpy
 .text.memset   0x000000000800627c       0x10 /Applications/STM32CubeIDE.app/Contents/Eclipse/plugins/com.st.stm32cube.ide.mcu.externaltools.gnu-tools-for-stm32.10.3-2021.10.macos64_1.0.100.202210260954/tools/bin/../lib/gcc/arm-none-eabi/10.3.1/../../../../arm-none-eabi/lib/thumb/v7e-m+fp/hard/libc_nano.a(lib_a-memset.o)
                0x000000000800627c                memset
 .text.sprintf  0x000000000800628c       0x40 /Applications/STM32CubeIDE.app/Contents/Eclipse/plugins/com.st.stm32cube.ide.mcu.externaltools.gnu-tools-for-stm32.10.3-2021.10.macos64_1.0.100.202210260954/tools/bin/../lib/gcc/arm-none-eabi/10.3.1/../../../../arm-none-eabi/lib/thumb/v7e-m+fp/hard/libc_nano.a(lib_a-sprintf.o)
                0x000000000800628c                sprintf
                0x000000000800628c                siprintf
 .text.__ssputs_r
                0x00000000080062cc       0xb6 /Applications/STM32CubeIDE.app/Contents/Eclipse/plugins/com.st.stm32cube.ide.mcu.externaltools.gnu-tools-for-stm32.10.3-2021.10.macos64_1.0.100.202210260954/tools/bin/../lib/gcc/arm-none-eabi/10.3.1/../../../../arm-none-eabi/lib/thumb/v7e-m+fp/hard/libc_nano.a(lib_a-nano-svfprintf.o)
                0x00000000080062cc                __ssputs_r
 *fill*         0x0000000008006382        0x2 
 .text._svfprintf_r
                0x0000000008006384      0x200 /Applications/STM32CubeIDE.app/Contents/Eclipse/plugins/com.st.stm32cube.ide.mcu.externaltools.gnu-tools-for-stm32.10.3-2021.10.macos64_1.0.100.202210260954/tools/bin/../lib/gcc/arm-none-eabi/10.3.1/../../../../arm-none-eabi/lib/thumb/v7e-m+fp/hard/libc_nano.a(lib_a-nano-svfprintf.o)
                0x0000000008006384                _svfprintf_r
                0x0000000008006384                _svfiprintf_r
 .text._printf_common
                0x0000000008006584       0xda /Applications/STM32CubeIDE.app/Contents/Eclipse/plugins/com.st.stm32cube.ide.mcu.externaltools.gnu-tools-for-stm32.10.3-2021.10.macos64_1.0.100.202210260954/tools/bin/../lib/gcc/arm-none-eabi/10.3.1/../../../../arm-none-eabi/lib/thumb/v7e-m+fp/hard/libc_nano.a(lib_a-nano-vfprintf_i.o)
                0x0000000008006584                _printf_common
 *fill*         0x000000000800665e        0x2 
 .text._printf_i
                0x0000000008006660      0x24c /Applications/STM32CubeIDE.app/Contents/Eclipse/plugins/com.st.stm32cube.ide.mcu.externaltools.gnu-tools-for-stm32.10.3-2021.10.macos64_1.0.100.202210260954/tools/bin/../lib/gcc/arm-none-eabi/10.3.1/../../../../arm-none-eabi/lib/thumb/v7e-m+fp/hard/libc_nano.a(lib_a-nano-vfprintf_i.o)
                0x0000000008006660                _printf_i
 .text.memmove  0x00000000080068ac       0x34 /Applications/STM32CubeIDE.app/Contents/Eclipse/plugins/com.st.stm32cube.ide.mcu.externaltools.gnu-tools-for-stm32.10.3-2021.10.macos64_1.0.100.202210260954/tools/bin/../lib/gcc/arm-none-eabi/10.3.1/../../../../arm-none-eabi/lib/thumb/v7e-m+fp/hard/libc_nano.a(lib_a-memmove.o)
                0x00000000080068ac                memmove
 .text._free_r  0x00000000080068e0       0x98 /Applications/STM32CubeIDE.app/Contents/Eclipse/plugins/com.st.stm32cube.ide.mcu.externaltools.gnu-tools-for-stm32.10.3-2021.10.macos64_1.0.100.202210260954/tools/bin/../lib/gcc/arm-none-eabi/10.3.1/../../../../arm-none-eabi/lib/thumb/v7e-m+fp/hard/libc_nano.a(lib_a-nano-freer.o)
                0x00000000080068e0                _free_r
 .text.sbrk_aligned
                0x0000000008006978       0x40 /Applications/STM32CubeIDE.app/Contents/Eclipse/plugins/com.st.stm32cube.ide.mcu.externaltools.gnu-tools-for-stm32.10.3-2021.10.macos64_1.0.100.202210260954/tools/bin/../lib/gcc/arm-none-eabi/10.3.1/../../../../arm-none-eabi/lib/thumb/v7e-m+fp/hard/libc_nano.a(lib_a-nano-mallocr.o)
 .text._malloc_r
                0x00000000080069b8       0xe8 /Applications/STM32CubeIDE.app/Contents/Eclipse/plugins/com.st.stm32cube.ide.mcu.externaltools.gnu-tools-for-stm32.10.3-2021.10.macos64_1.0.100.202210260954/tools/bin/../lib/gcc/arm-none-eabi/10.3.1/../../../../arm-none-eabi/lib/thumb/v7e-m+fp/hard/libc_nano.a(lib_a-nano-mallocr.o)
                0x00000000080069b8                _malloc_r
 .text._realloc_r
                0x0000000008006aa0       0x5e /Applications/STM32CubeIDE.app/Contents/Eclipse/plugins/com.st.stm32cube.ide.mcu.externaltools.gnu-tools-for-stm32.10.3-2021.10.macos64_1.0.100.202210260954/tools/bin/../lib/gcc/arm-none-eabi/10.3.1/../../../../arm-none-eabi/lib/thumb/v7e-m+fp/hard/libc_nano.a(lib_a-nano-reallocr.o)
                0x0000000008006aa0                _realloc_r
 *fill*         0x0000000008006afe        0x2 
 .text._sbrk_r  0x0000000008006b00       0x20 /Applications/STM32CubeIDE.app/Contents/Eclipse/plugins/com.st.stm32cube.ide.mcu.externaltools.gnu-tools-for-stm32.10.3-2021.10.macos64_1.0.100.202210260954/tools/bin/../lib/gcc/arm-none-eabi/10.3.1/../../../../arm-none-eabi/lib/thumb/v7e-m+fp/hard/libc_nano.a(lib_a-sbrkr.o)
                0x0000000008006b00                _sbrk_r
 .text.__malloc_lock
                0x0000000008006b20        0xc /Applications/STM32CubeIDE.app/Contents/Eclipse/plugins/com.st.stm32cube.ide.mcu.externaltools.gnu-tools-for-stm32.10.3-2021.10.macos64_1.0.100.202210260954/tools/bin/../lib/gcc/arm-none-eabi/10.3.1/../../../../arm-none-eabi/lib/thumb/v7e-m+fp/hard/libc_nano.a(lib_a-mlock.o)
                0x0000000008006b20                __malloc_lock
 .text.__malloc_unlock
                0x0000000008006b2c        0xc /Applications/STM32CubeIDE.app/Contents/Eclipse/plugins/com.st.stm32cube.ide.mcu.externaltools.gnu-tools-for-stm32.10.3-2021.10.macos64_1.0.100.202210260954/tools/bin/../lib/gcc/arm-none-eabi/10.3.1/../../../../arm-none-eabi/lib/thumb/v7e-m+fp/hard/libc_nano.a(lib_a-mlock.o)
                0x0000000008006b2c                __malloc_unlock
 .text._malloc_usable_size_r
                0x0000000008006b38       0x10 /Applications/STM32CubeIDE.app/Contents/Eclipse/plugins/com.st.stm32cube.ide.mcu.externaltools.gnu-tools-for-stm32.10.3-2021.10.macos64_1.0.100.202210260954/tools/bin/../lib/gcc/arm-none-eabi/10.3.1/../../../../arm-none-eabi/lib/thumb/v7e-m+fp/hard/libc_nano.a(lib_a-nano-msizer.o)
                0x0000000008006b38                _malloc_usable_size_r
 .text.__retarget_lock_acquire_recursive
                0x0000000008006b48        0x2 /Applications/STM32CubeIDE.app/Contents/Eclipse/plugins/com.st.stm32cube.ide.mcu.externaltools.gnu-tools-for-stm32.10.3-2021.10.macos64_1.0.100.202210260954/tools/bin/../lib/gcc/arm-none-eabi/10.3.1/../../../../arm-none-eabi/lib/thumb/v7e-m+fp/hard/libc_nano.a(lib_a-lock.o)
                0x0000000008006b48                __retarget_lock_acquire_recursive
 .text.__retarget_lock_release_recursive
                0x0000000008006b4a        0x2 /Applications/STM32CubeIDE.app/Contents/Eclipse/plugins/com.st.stm32cube.ide.mcu.externaltools.gnu-tools-for-stm32.10.3-2021.10.macos64_1.0.100.202210260954/tools/bin/../lib/gcc/arm-none-eabi/10.3.1/../../../../arm-none-eabi/lib/thumb/v7e-m+fp/hard/libc_nano.a(lib_a-lock.o)
                0x0000000008006b4a                __retarget_lock_release_recursive
 *(.glue_7)
 .glue_7        0x0000000008006b4c        0x0 linker stubs
 *(.glue_7t)
 .glue_7t       0x0000000008006b4c        0x0 linker stubs
 *(.eh_frame)
 .eh_frame      0x0000000008006b4c        0x0 /Applications/STM32CubeIDE.app/Contents/Eclipse/plugins/com.st.stm32cube.ide.mcu.externaltools.gnu-tools-for-stm32.10.3-2021.10.macos64_1.0.100.202210260954/tools/bin/../lib/gcc/arm-none-eabi/10.3.1/thumb/v7e-m+fp/hard/crtbegin.o
 *(.init)
 .init          0x0000000008006b4c        0x4 /Applications/STM32CubeIDE.app/Contents/Eclipse/plugins/com.st.stm32cube.ide.mcu.externaltools.gnu-tools-for-stm32.10.3-2021.10.macos64_1.0.100.202210260954/tools/bin/../lib/gcc/arm-none-eabi/10.3.1/thumb/v7e-m+fp/hard/crti.o
                0x0000000008006b4c                _init
 .init          0x0000000008006b50        0x8 /Applications/STM32CubeIDE.app/Contents/Eclipse/plugins/com.st.stm32cube.ide.mcu.externaltools.gnu-tools-for-stm32.10.3-2021.10.macos64_1.0.100.202210260954/tools/bin/../lib/gcc/arm-none-eabi/10.3.1/thumb/v7e-m+fp/hard/crtn.o
 *(.fini)
 .fini          0x0000000008006b58        0x4 /Applications/STM32CubeIDE.app/Contents/Eclipse/plugins/com.st.stm32cube.ide.mcu.externaltools.gnu-tools-for-stm32.10.3-2021.10.macos64_1.0.100.202210260954/tools/bin/../lib/gcc/arm-none-eabi/10.3.1/thumb/v7e-m+fp/hard/crti.o
                0x0000000008006b58                _fini
 .fini          0x0000000008006b5c        0x8 /Applications/STM32CubeIDE.app/Contents/Eclipse/plugins/com.st.stm32cube.ide.mcu.externaltools.gnu-tools-for-stm32.10.3-2021.10.macos64_1.0.100.202210260954/tools/bin/../lib/gcc/arm-none-eabi/10.3.1/thumb/v7e-m+fp/hard/crtn.o
                0x0000000008006b64                . = ALIGN (0x4)
                0x0000000008006b64                _etext = .

.vfp11_veneer   0x0000000008006b64        0x0
 .vfp11_veneer  0x0000000008006b64        0x0 linker stubs

.v4_bx          0x0000000008006b64        0x0
 .v4_bx         0x0000000008006b64        0x0 linker stubs

.iplt           0x0000000008006b64        0x0
 .iplt          0x0000000008006b64        0x0 /Applications/STM32CubeIDE.app/Contents/Eclipse/plugins/com.st.stm32cube.ide.mcu.externaltools.gnu-tools-for-stm32.10.3-2021.10.macos64_1.0.100.202210260954/tools/bin/../lib/gcc/arm-none-eabi/10.3.1/thumb/v7e-m+fp/hard/crtbegin.o

.rodata         0x0000000008006b64       0xe0
                0x0000000008006b64                . = ALIGN (0x4)
 *(.rodata)
 .rodata        0x0000000008006b64       0x7a ./Core/Src/main.o
 *fill*         0x0000000008006bde        0x2 
 .rodata        0x0000000008006be0        0x5 ./FreeRTOS/tasks.o
 *fill*         0x0000000008006be5        0x3 
 .rodata        0x0000000008006be8        0xd ./FreeRTOS/timers.o
 *(.rodata*)
 *fill*         0x0000000008006bf5        0x3 
 .rodata.AHBPrescTable
                0x0000000008006bf8       0x10 ./Core/Src/system_stm32f4xx.o
                0x0000000008006bf8                AHBPrescTable
 .rodata.APBPrescTable
                0x0000000008006c08        0x8 ./Core/Src/system_stm32f4xx.o
                0x0000000008006c08                APBPrescTable
 .rodata._svfprintf_r.str1.1
                0x0000000008006c10       0x11 /Applications/STM32CubeIDE.app/Contents/Eclipse/plugins/com.st.stm32cube.ide.mcu.externaltools.gnu-tools-for-stm32.10.3-2021.10.macos64_1.0.100.202210260954/tools/bin/../lib/gcc/arm-none-eabi/10.3.1/../../../../arm-none-eabi/lib/thumb/v7e-m+fp/hard/libc_nano.a(lib_a-nano-svfprintf.o)
 .rodata._printf_i.str1.1
                0x0000000008006c21       0x22 /Applications/STM32CubeIDE.app/Contents/Eclipse/plugins/com.st.stm32cube.ide.mcu.externaltools.gnu-tools-for-stm32.10.3-2021.10.macos64_1.0.100.202210260954/tools/bin/../lib/gcc/arm-none-eabi/10.3.1/../../../../arm-none-eabi/lib/thumb/v7e-m+fp/hard/libc_nano.a(lib_a-nano-vfprintf_i.o)
                0x0000000008006c44                . = ALIGN (0x4)
 *fill*         0x0000000008006c43        0x1 

.ARM.extab      0x0000000008006c44        0x0
                0x0000000008006c44                . = ALIGN (0x4)
 *(.ARM.extab* .gnu.linkonce.armextab.*)
                0x0000000008006c44                . = ALIGN (0x4)

.ARM            0x0000000008006c44        0x8
                0x0000000008006c44                . = ALIGN (0x4)
                0x0000000008006c44                __exidx_start = .
 *(.ARM.exidx*)
 .ARM.exidx     0x0000000008006c44        0x8 /Applications/STM32CubeIDE.app/Contents/Eclipse/plugins/com.st.stm32cube.ide.mcu.externaltools.gnu-tools-for-stm32.10.3-2021.10.macos64_1.0.100.202210260954/tools/bin/../lib/gcc/arm-none-eabi/10.3.1/thumb/v7e-m+fp/hard/libgcc.a(_udivmoddi4.o)
                0x0000000008006c4c                __exidx_end = .
                0x0000000008006c4c                . = ALIGN (0x4)

.rel.dyn        0x0000000008006c4c        0x0
 .rel.iplt      0x0000000008006c4c        0x0 /Applications/STM32CubeIDE.app/Contents/Eclipse/plugins/com.st.stm32cube.ide.mcu.externaltools.gnu-tools-for-stm32.10.3-2021.10.macos64_1.0.100.202210260954/tools/bin/../lib/gcc/arm-none-eabi/10.3.1/thumb/v7e-m+fp/hard/crtbegin.o

.preinit_array  0x0000000008006c4c        0x0
                0x0000000008006c4c                . = ALIGN (0x4)
                0x0000000008006c4c                PROVIDE (__preinit_array_start = .)
 *(.preinit_array*)
                0x0000000008006c4c                PROVIDE (__preinit_array_end = .)
                0x0000000008006c4c                . = ALIGN (0x4)

.init_array     0x0000000008006c4c        0x4
                0x0000000008006c4c                . = ALIGN (0x4)
                0x0000000008006c4c                PROVIDE (__init_array_start = .)
 *(SORT_BY_NAME(.init_array.*))
 *(.init_array*)
 .init_array    0x0000000008006c4c        0x4 /Applications/STM32CubeIDE.app/Contents/Eclipse/plugins/com.st.stm32cube.ide.mcu.externaltools.gnu-tools-for-stm32.10.3-2021.10.macos64_1.0.100.202210260954/tools/bin/../lib/gcc/arm-none-eabi/10.3.1/thumb/v7e-m+fp/hard/crtbegin.o
                0x0000000008006c50                PROVIDE (__init_array_end = .)
                0x0000000008006c50                . = ALIGN (0x4)

.fini_array     0x0000000008006c50        0x4
                0x0000000008006c50                . = ALIGN (0x4)
                [!provide]                        PROVIDE (__fini_array_start = .)
 *(SORT_BY_NAME(.fini_array.*))
 *(.fini_array*)
 .fini_array    0x0000000008006c50        0x4 /Applications/STM32CubeIDE.app/Contents/Eclipse/plugins/com.st.stm32cube.ide.mcu.externaltools.gnu-tools-for-stm32.10.3-2021.10.macos64_1.0.100.202210260954/tools/bin/../lib/gcc/arm-none-eabi/10.3.1/thumb/v7e-m+fp/hard/crtbegin.o
                [!provide]                        PROVIDE (__fini_array_end = .)
                0x0000000008006c54                . = ALIGN (0x4)
                0x0000000008006c54                _sidata = LOADADDR (.data)

.data           0x0000000020000000       0x74 load address 0x0000000008006c54
                0x0000000020000000                . = ALIGN (0x4)
                0x0000000020000000                _sdata = .
 *(.data)
 *(.data*)
 .data.SystemCoreClock
                0x0000000020000000        0x4 ./Core/Src/system_stm32f4xx.o
                0x0000000020000000                SystemCoreClock
 .data.uwTickPrio
                0x0000000020000004        0x4 ./Drivers/STM32F4xx_HAL_Driver/Src/stm32f4xx_hal.o
                0x0000000020000004                uwTickPrio
 .data.uwTickFreq
                0x0000000020000008        0x1 ./Drivers/STM32F4xx_HAL_Driver/Src/stm32f4xx_hal.o
                0x0000000020000008                uwTickFreq
 *fill*         0x0000000020000009        0x3 
 .data.uxCriticalNesting
                0x000000002000000c        0x4 ./FreeRTOS/portable/ARM_CM4F/port.o
 .data._impure_ptr
                0x0000000020000010        0x4 /Applications/STM32CubeIDE.app/Contents/Eclipse/plugins/com.st.stm32cube.ide.mcu.externaltools.gnu-tools-for-stm32.10.3-2021.10.macos64_1.0.100.202210260954/tools/bin/../lib/gcc/arm-none-eabi/10.3.1/../../../../arm-none-eabi/lib/thumb/v7e-m+fp/hard/libc_nano.a(lib_a-impure.o)
                0x0000000020000010                _impure_ptr
 .data.impure_data
                0x0000000020000014       0x60 /Applications/STM32CubeIDE.app/Contents/Eclipse/plugins/com.st.stm32cube.ide.mcu.externaltools.gnu-tools-for-stm32.10.3-2021.10.macos64_1.0.100.202210260954/tools/bin/../lib/gcc/arm-none-eabi/10.3.1/../../../../arm-none-eabi/lib/thumb/v7e-m+fp/hard/libc_nano.a(lib_a-impure.o)
 *(.RamFunc)
 *(.RamFunc*)
                0x0000000020000074                . = ALIGN (0x4)
                0x0000000020000074                _edata = .
                0x0000000008006cc8                _siccmram = LOADADDR (.ccmram)

.igot.plt       0x0000000020000074        0x0 load address 0x0000000008006cc8
 .igot.plt      0x0000000020000074        0x0 /Applications/STM32CubeIDE.app/Contents/Eclipse/plugins/com.st.stm32cube.ide.mcu.externaltools.gnu-tools-for-stm32.10.3-2021.10.macos64_1.0.100.202210260954/tools/bin/../lib/gcc/arm-none-eabi/10.3.1/thumb/v7e-m+fp/hard/crtbegin.o

.ccmram         0x0000000010000000        0x0 load address 0x0000000008006cc8
                0x0000000010000000                . = ALIGN (0x4)
                0x0000000010000000                _sccmram = .
 *(.ccmram)
 *(.ccmram*)
                0x0000000010000000                . = ALIGN (0x4)
                0x0000000010000000                _eccmram = .
                0x0000000010000000                . = ALIGN (0x4)

.bss            0x0000000020000074    0x12ed0
                0x0000000020000074                _sbss = .
                0x0000000020000074                __bss_start__ = _sbss
 *(.bss)
 .bss           0x0000000020000074       0x1c /Applications/STM32CubeIDE.app/Contents/Eclipse/plugins/com.st.stm32cube.ide.mcu.externaltools.gnu-tools-for-stm32.10.3-2021.10.macos64_1.0.100.202210260954/tools/bin/../lib/gcc/arm-none-eabi/10.3.1/thumb/v7e-m+fp/hard/crtbegin.o
 *(.bss*)
 .bss.hi2c1     0x0000000020000090       0x54 ./Core/Src/main.o
                0x0000000020000090                hi2c1
 .bss.htim2     0x00000000200000e4       0x48 ./Core/Src/main.o
                0x00000000200000e4                htim2
 .bss.RunningLap
                0x000000002000012c        0x4 ./Core/Src/main.o
                0x000000002000012c                RunningLap
 .bss.objectDetected
                0x0000000020000130        0x1 ./Core/Src/main.o
                0x0000000020000130                objectDetected
 .bss.touch     0x0000000020000131        0x1 ./Core/Src/main.o
                0x0000000020000131                touch
 .bss.eat       0x0000000020000132        0x1 ./Core/Src/main.o
                0x0000000020000132                eat
 *fill*         0x0000000020000133        0x1 
 .bss.timeCounter
                0x0000000020000134        0x4 ./Core/Src/main.o
                0x0000000020000134                timeCounter
 .bss.wait_timeCounter
                0x0000000020000138        0x4 ./Core/Src/main.o
                0x0000000020000138                wait_timeCounter
 .bss.xTimerTaskHandle
                0x000000002000013c        0x4 ./Core/Src/main.o
                0x000000002000013c                xTimerTaskHandle
 .bss.MsgQueue  0x0000000020000140        0x4 ./Core/Src/main.o
                0x0000000020000140                MsgQueue
 .bss.htim7     0x0000000020000144       0x48 ./Core/Src/stm32f4xx_hal_timebase_tim.o
                0x0000000020000144                htim7
 .bss.__sbrk_heap_end
                0x000000002000018c        0x4 ./Core/Src/sysmem.o
 .bss.uwTick    0x0000000020000190        0x4 ./Drivers/STM32F4xx_HAL_Driver/Src/stm32f4xx_hal.o
                0x0000000020000190                uwTick
 .bss.xQueueRegistry
                0x0000000020000194       0x40 ./FreeRTOS/queue.o
                0x0000000020000194                xQueueRegistry
 .bss.pxCurrentTCB
                0x00000000200001d4        0x4 ./FreeRTOS/tasks.o
                0x00000000200001d4                pxCurrentTCB
 .bss.pxReadyTasksLists
                0x00000000200001d8       0x64 ./FreeRTOS/tasks.o
 .bss.xDelayedTaskList1
                0x000000002000023c       0x14 ./FreeRTOS/tasks.o
 .bss.xDelayedTaskList2
                0x0000000020000250       0x14 ./FreeRTOS/tasks.o
 .bss.pxDelayedTaskList
                0x0000000020000264        0x4 ./FreeRTOS/tasks.o
 .bss.pxOverflowDelayedTaskList
                0x0000000020000268        0x4 ./FreeRTOS/tasks.o
 .bss.xPendingReadyList
                0x000000002000026c       0x14 ./FreeRTOS/tasks.o
 .bss.xTasksWaitingTermination
                0x0000000020000280       0x14 ./FreeRTOS/tasks.o
 .bss.uxDeletedTasksWaitingCleanUp
                0x0000000020000294        0x4 ./FreeRTOS/tasks.o
 .bss.xSuspendedTaskList
                0x0000000020000298       0x14 ./FreeRTOS/tasks.o
 .bss.uxCurrentNumberOfTasks
                0x00000000200002ac        0x4 ./FreeRTOS/tasks.o
 .bss.xTickCount
                0x00000000200002b0        0x4 ./FreeRTOS/tasks.o
 .bss.uxTopReadyPriority
                0x00000000200002b4        0x4 ./FreeRTOS/tasks.o
 .bss.xSchedulerRunning
                0x00000000200002b8        0x4 ./FreeRTOS/tasks.o
 .bss.uxPendedTicks
                0x00000000200002bc        0x4 ./FreeRTOS/tasks.o
 .bss.xYieldPending
                0x00000000200002c0        0x4 ./FreeRTOS/tasks.o
 .bss.xNumOfOverflows
                0x00000000200002c4        0x4 ./FreeRTOS/tasks.o
 .bss.uxTaskNumber
                0x00000000200002c8        0x4 ./FreeRTOS/tasks.o
 .bss.xNextTaskUnblockTime
                0x00000000200002cc        0x4 ./FreeRTOS/tasks.o
 .bss.xIdleTaskHandle
                0x00000000200002d0        0x4 ./FreeRTOS/tasks.o
 .bss.uxSchedulerSuspended
                0x00000000200002d4        0x4 ./FreeRTOS/tasks.o
 .bss.xActiveTimerList1
                0x00000000200002d8       0x14 ./FreeRTOS/timers.o
 .bss.xActiveTimerList2
                0x00000000200002ec       0x14 ./FreeRTOS/timers.o
 .bss.pxCurrentTimerList
                0x0000000020000300        0x4 ./FreeRTOS/timers.o
 .bss.pxOverflowTimerList
                0x0000000020000304        0x4 ./FreeRTOS/timers.o
 .bss.xTimerQueue
                0x0000000020000308        0x4 ./FreeRTOS/timers.o
 .bss.xTimerTaskHandle
                0x000000002000030c        0x4 ./FreeRTOS/timers.o
 .bss.xLastTime.0
                0x0000000020000310        0x4 ./FreeRTOS/timers.o
 .bss.ucMaxSysCallPriority
                0x0000000020000314        0x1 ./FreeRTOS/portable/ARM_CM4F/port.o
 *fill*         0x0000000020000315        0x3 
 .bss.ulMaxPRIGROUPValue
                0x0000000020000318        0x4 ./FreeRTOS/portable/ARM_CM4F/port.o
 .bss.ucHeap    0x000000002000031c    0x12c00 ./FreeRTOS/portable/MemMang/heap_4.o
 .bss.xStart    0x0000000020012f1c        0x8 ./FreeRTOS/portable/MemMang/heap_4.o
 .bss.pxEnd     0x0000000020012f24        0x4 ./FreeRTOS/portable/MemMang/heap_4.o
 .bss.xFreeBytesRemaining
                0x0000000020012f28        0x4 ./FreeRTOS/portable/MemMang/heap_4.o
 .bss.xMinimumEverFreeBytesRemaining
                0x0000000020012f2c        0x4 ./FreeRTOS/portable/MemMang/heap_4.o
 .bss.xBlockAllocatedBit
                0x0000000020012f30        0x4 ./FreeRTOS/portable/MemMang/heap_4.o
 .bss.__malloc_free_list
                0x0000000020012f34        0x4 /Applications/STM32CubeIDE.app/Contents/Eclipse/plugins/com.st.stm32cube.ide.mcu.externaltools.gnu-tools-for-stm32.10.3-2021.10.macos64_1.0.100.202210260954/tools/bin/../lib/gcc/arm-none-eabi/10.3.1/../../../../arm-none-eabi/lib/thumb/v7e-m+fp/hard/libc_nano.a(lib_a-nano-mallocr.o)
                0x0000000020012f34                __malloc_free_list
 .bss.__malloc_sbrk_start
                0x0000000020012f38        0x4 /Applications/STM32CubeIDE.app/Contents/Eclipse/plugins/com.st.stm32cube.ide.mcu.externaltools.gnu-tools-for-stm32.10.3-2021.10.macos64_1.0.100.202210260954/tools/bin/../lib/gcc/arm-none-eabi/10.3.1/../../../../arm-none-eabi/lib/thumb/v7e-m+fp/hard/libc_nano.a(lib_a-nano-mallocr.o)
                0x0000000020012f38                __malloc_sbrk_start
 .bss.errno     0x0000000020012f3c        0x4 /Applications/STM32CubeIDE.app/Contents/Eclipse/plugins/com.st.stm32cube.ide.mcu.externaltools.gnu-tools-for-stm32.10.3-2021.10.macos64_1.0.100.202210260954/tools/bin/../lib/gcc/arm-none-eabi/10.3.1/../../../../arm-none-eabi/lib/thumb/v7e-m+fp/hard/libc_nano.a(lib_a-reent.o)
                0x0000000020012f3c                errno
 .bss.__lock___malloc_recursive_mutex
                0x0000000020012f40        0x1 /Applications/STM32CubeIDE.app/Contents/Eclipse/plugins/com.st.stm32cube.ide.mcu.externaltools.gnu-tools-for-stm32.10.3-2021.10.macos64_1.0.100.202210260954/tools/bin/../lib/gcc/arm-none-eabi/10.3.1/../../../../arm-none-eabi/lib/thumb/v7e-m+fp/hard/libc_nano.a(lib_a-lock.o)
                0x0000000020012f40                __lock___malloc_recursive_mutex
 *(COMMON)
                0x0000000020012f44                . = ALIGN (0x4)
 *fill*         0x0000000020012f41        0x3 
                0x0000000020012f44                _ebss = .
                0x0000000020012f44                __bss_end__ = _ebss

._user_heap_stack
                0x0000000020012f44      0x604
                0x0000000020012f48                . = ALIGN (0x8)
 *fill*         0x0000000020012f44        0x4 
                [!provide]                        PROVIDE (end = .)
                0x0000000020012f48                PROVIDE (_end = .)
                0x0000000020013148                . = (. + _Min_Heap_Size)
 *fill*         0x0000000020012f48      0x200 
                0x0000000020013548                . = (. + _Min_Stack_Size)
 *fill*         0x0000000020013148      0x400 
                0x0000000020013548                . = ALIGN (0x8)

/DISCARD/
 libc.a(*)
 libm.a(*)
 libgcc.a(*)

.ARM.attributes
                0x0000000000000000       0x30
 *(.ARM.attributes)
 .ARM.attributes
                0x0000000000000000       0x1e /Applications/STM32CubeIDE.app/Contents/Eclipse/plugins/com.st.stm32cube.ide.mcu.externaltools.gnu-tools-for-stm32.10.3-2021.10.macos64_1.0.100.202210260954/tools/bin/../lib/gcc/arm-none-eabi/10.3.1/thumb/v7e-m+fp/hard/crti.o
 .ARM.attributes
                0x000000000000001e       0x34 /Applications/STM32CubeIDE.app/Contents/Eclipse/plugins/com.st.stm32cube.ide.mcu.externaltools.gnu-tools-for-stm32.10.3-2021.10.macos64_1.0.100.202210260954/tools/bin/../lib/gcc/arm-none-eabi/10.3.1/thumb/v7e-m+fp/hard/crtbegin.o
 .ARM.attributes
                0x0000000000000052       0x34 ./Core/Src/i2c-lcd.o
 .ARM.attributes
                0x0000000000000086       0x34 ./Core/Src/main.o
 .ARM.attributes
                0x00000000000000ba       0x34 ./Core/Src/stm32f4xx_hal_msp.o
 .ARM.attributes
                0x00000000000000ee       0x34 ./Core/Src/stm32f4xx_hal_timebase_tim.o
 .ARM.attributes
                0x0000000000000122       0x34 ./Core/Src/stm32f4xx_it.o
 .ARM.attributes
                0x0000000000000156       0x34 ./Core/Src/sysmem.o
 .ARM.attributes
                0x000000000000018a       0x34 ./Core/Src/system_stm32f4xx.o
 .ARM.attributes
                0x00000000000001be       0x21 ./Core/Startup/startup_stm32f407vgtx.o
 .ARM.attributes
                0x00000000000001df       0x34 ./Drivers/STM32F4xx_HAL_Driver/Src/stm32f4xx_hal.o
 .ARM.attributes
                0x0000000000000213       0x34 ./Drivers/STM32F4xx_HAL_Driver/Src/stm32f4xx_hal_cortex.o
 .ARM.attributes
                0x0000000000000247       0x34 ./Drivers/STM32F4xx_HAL_Driver/Src/stm32f4xx_hal_gpio.o
 .ARM.attributes
                0x000000000000027b       0x34 ./Drivers/STM32F4xx_HAL_Driver/Src/stm32f4xx_hal_i2c.o
 .ARM.attributes
                0x00000000000002af       0x34 ./Drivers/STM32F4xx_HAL_Driver/Src/stm32f4xx_hal_rcc.o
 .ARM.attributes
                0x00000000000002e3       0x34 ./Drivers/STM32F4xx_HAL_Driver/Src/stm32f4xx_hal_tim.o
 .ARM.attributes
                0x0000000000000317       0x34 ./Drivers/STM32F4xx_HAL_Driver/Src/stm32f4xx_hal_tim_ex.o
 .ARM.attributes
                0x000000000000034b       0x34 ./FreeRTOS/list.o
 .ARM.attributes
                0x000000000000037f       0x34 ./FreeRTOS/queue.o
 .ARM.attributes
                0x00000000000003b3       0x34 ./FreeRTOS/tasks.o
 .ARM.attributes
                0x00000000000003e7       0x34 ./FreeRTOS/timers.o
 .ARM.attributes
                0x000000000000041b       0x34 ./FreeRTOS/portable/ARM_CM4F/port.o
 .ARM.attributes
                0x000000000000044f       0x34 ./FreeRTOS/portable/MemMang/heap_4.o
 .ARM.attributes
                0x0000000000000483       0x34 /Applications/STM32CubeIDE.app/Contents/Eclipse/plugins/com.st.stm32cube.ide.mcu.externaltools.gnu-tools-for-stm32.10.3-2021.10.macos64_1.0.100.202210260954/tools/bin/../lib/gcc/arm-none-eabi/10.3.1/../../../../arm-none-eabi/lib/thumb/v7e-m+fp/hard/libc_nano.a(lib_a-errno.o)
 .ARM.attributes
                0x00000000000004b7       0x34 /Applications/STM32CubeIDE.app/Contents/Eclipse/plugins/com.st.stm32cube.ide.mcu.externaltools.gnu-tools-for-stm32.10.3-2021.10.macos64_1.0.100.202210260954/tools/bin/../lib/gcc/arm-none-eabi/10.3.1/../../../../arm-none-eabi/lib/thumb/v7e-m+fp/hard/libc_nano.a(lib_a-impure.o)
 .ARM.attributes
                0x00000000000004eb       0x34 /Applications/STM32CubeIDE.app/Contents/Eclipse/plugins/com.st.stm32cube.ide.mcu.externaltools.gnu-tools-for-stm32.10.3-2021.10.macos64_1.0.100.202210260954/tools/bin/../lib/gcc/arm-none-eabi/10.3.1/../../../../arm-none-eabi/lib/thumb/v7e-m+fp/hard/libc_nano.a(lib_a-init.o)
 .ARM.attributes
                0x000000000000051f       0x34 /Applications/STM32CubeIDE.app/Contents/Eclipse/plugins/com.st.stm32cube.ide.mcu.externaltools.gnu-tools-for-stm32.10.3-2021.10.macos64_1.0.100.202210260954/tools/bin/../lib/gcc/arm-none-eabi/10.3.1/../../../../arm-none-eabi/lib/thumb/v7e-m+fp/hard/libc_nano.a(lib_a-memcpy-stub.o)
 .ARM.attributes
                0x0000000000000553       0x34 /Applications/STM32CubeIDE.app/Contents/Eclipse/plugins/com.st.stm32cube.ide.mcu.externaltools.gnu-tools-for-stm32.10.3-2021.10.macos64_1.0.100.202210260954/tools/bin/../lib/gcc/arm-none-eabi/10.3.1/../../../../arm-none-eabi/lib/thumb/v7e-m+fp/hard/libc_nano.a(lib_a-memset.o)
 .ARM.attributes
                0x0000000000000587       0x34 /Applications/STM32CubeIDE.app/Contents/Eclipse/plugins/com.st.stm32cube.ide.mcu.externaltools.gnu-tools-for-stm32.10.3-2021.10.macos64_1.0.100.202210260954/tools/bin/../lib/gcc/arm-none-eabi/10.3.1/../../../../arm-none-eabi/lib/thumb/v7e-m+fp/hard/libc_nano.a(lib_a-sprintf.o)
 .ARM.attributes
                0x00000000000005bb       0x34 /Applications/STM32CubeIDE.app/Contents/Eclipse/plugins/com.st.stm32cube.ide.mcu.externaltools.gnu-tools-for-stm32.10.3-2021.10.macos64_1.0.100.202210260954/tools/bin/../lib/gcc/arm-none-eabi/10.3.1/../../../../arm-none-eabi/lib/thumb/v7e-m+fp/hard/libc_nano.a(lib_a-nano-svfprintf.o)
 .ARM.attributes
                0x00000000000005ef       0x34 /Applications/STM32CubeIDE.app/Contents/Eclipse/plugins/com.st.stm32cube.ide.mcu.externaltools.gnu-tools-for-stm32.10.3-2021.10.macos64_1.0.100.202210260954/tools/bin/../lib/gcc/arm-none-eabi/10.3.1/../../../../arm-none-eabi/lib/thumb/v7e-m+fp/hard/libc_nano.a(lib_a-nano-vfprintf_i.o)
 .ARM.attributes
                0x0000000000000623       0x1c /Applications/STM32CubeIDE.app/Contents/Eclipse/plugins/com.st.stm32cube.ide.mcu.externaltools.gnu-tools-for-stm32.10.3-2021.10.macos64_1.0.100.202210260954/tools/bin/../lib/gcc/arm-none-eabi/10.3.1/../../../../arm-none-eabi/lib/thumb/v7e-m+fp/hard/libc_nano.a(lib_a-memchr.o)
 .ARM.attributes
                0x000000000000063f       0x34 /Applications/STM32CubeIDE.app/Contents/Eclipse/plugins/com.st.stm32cube.ide.mcu.externaltools.gnu-tools-for-stm32.10.3-2021.10.macos64_1.0.100.202210260954/tools/bin/../lib/gcc/arm-none-eabi/10.3.1/../../../../arm-none-eabi/lib/thumb/v7e-m+fp/hard/libc_nano.a(lib_a-memmove.o)
 .ARM.attributes
                0x0000000000000673       0x34 /Applications/STM32CubeIDE.app/Contents/Eclipse/plugins/com.st.stm32cube.ide.mcu.externaltools.gnu-tools-for-stm32.10.3-2021.10.macos64_1.0.100.202210260954/tools/bin/../lib/gcc/arm-none-eabi/10.3.1/../../../../arm-none-eabi/lib/thumb/v7e-m+fp/hard/libc_nano.a(lib_a-nano-freer.o)
 .ARM.attributes
                0x00000000000006a7       0x34 /Applications/STM32CubeIDE.app/Contents/Eclipse/plugins/com.st.stm32cube.ide.mcu.externaltools.gnu-tools-for-stm32.10.3-2021.10.macos64_1.0.100.202210260954/tools/bin/../lib/gcc/arm-none-eabi/10.3.1/../../../../arm-none-eabi/lib/thumb/v7e-m+fp/hard/libc_nano.a(lib_a-nano-mallocr.o)
 .ARM.attributes
                0x00000000000006db       0x34 /Applications/STM32CubeIDE.app/Contents/Eclipse/plugins/com.st.stm32cube.ide.mcu.externaltools.gnu-tools-for-stm32.10.3-2021.10.macos64_1.0.100.202210260954/tools/bin/../lib/gcc/arm-none-eabi/10.3.1/../../../../arm-none-eabi/lib/thumb/v7e-m+fp/hard/libc_nano.a(lib_a-nano-reallocr.o)
 .ARM.attributes
                0x000000000000070f       0x34 /Applications/STM32CubeIDE.app/Contents/Eclipse/plugins/com.st.stm32cube.ide.mcu.externaltools.gnu-tools-for-stm32.10.3-2021.10.macos64_1.0.100.202210260954/tools/bin/../lib/gcc/arm-none-eabi/10.3.1/../../../../arm-none-eabi/lib/thumb/v7e-m+fp/hard/libc_nano.a(lib_a-sbrkr.o)
 .ARM.attributes
                0x0000000000000743       0x34 /Applications/STM32CubeIDE.app/Contents/Eclipse/plugins/com.st.stm32cube.ide.mcu.externaltools.gnu-tools-for-stm32.10.3-2021.10.macos64_1.0.100.202210260954/tools/bin/../lib/gcc/arm-none-eabi/10.3.1/../../../../arm-none-eabi/lib/thumb/v7e-m+fp/hard/libc_nano.a(lib_a-mlock.o)
 .ARM.attributes
                0x0000000000000777       0x34 /Applications/STM32CubeIDE.app/Contents/Eclipse/plugins/com.st.stm32cube.ide.mcu.externaltools.gnu-tools-for-stm32.10.3-2021.10.macos64_1.0.100.202210260954/tools/bin/../lib/gcc/arm-none-eabi/10.3.1/../../../../arm-none-eabi/lib/thumb/v7e-m+fp/hard/libc_nano.a(lib_a-nano-msizer.o)
 .ARM.attributes
                0x00000000000007ab       0x34 /Applications/STM32CubeIDE.app/Contents/Eclipse/plugins/com.st.stm32cube.ide.mcu.externaltools.gnu-tools-for-stm32.10.3-2021.10.macos64_1.0.100.202210260954/tools/bin/../lib/gcc/arm-none-eabi/10.3.1/../../../../arm-none-eabi/lib/thumb/v7e-m+fp/hard/libc_nano.a(lib_a-reent.o)
 .ARM.attributes
                0x00000000000007df       0x34 /Applications/STM32CubeIDE.app/Contents/Eclipse/plugins/com.st.stm32cube.ide.mcu.externaltools.gnu-tools-for-stm32.10.3-2021.10.macos64_1.0.100.202210260954/tools/bin/../lib/gcc/arm-none-eabi/10.3.1/../../../../arm-none-eabi/lib/thumb/v7e-m+fp/hard/libc_nano.a(lib_a-lock.o)
 .ARM.attributes
                0x0000000000000813       0x1e /Applications/STM32CubeIDE.app/Contents/Eclipse/plugins/com.st.stm32cube.ide.mcu.externaltools.gnu-tools-for-stm32.10.3-2021.10.macos64_1.0.100.202210260954/tools/bin/../lib/gcc/arm-none-eabi/10.3.1/thumb/v7e-m+fp/hard/libgcc.a(_aeabi_uldivmod.o)
 .ARM.attributes
                0x0000000000000831       0x34 /Applications/STM32CubeIDE.app/Contents/Eclipse/plugins/com.st.stm32cube.ide.mcu.externaltools.gnu-tools-for-stm32.10.3-2021.10.macos64_1.0.100.202210260954/tools/bin/../lib/gcc/arm-none-eabi/10.3.1/thumb/v7e-m+fp/hard/libgcc.a(_udivmoddi4.o)
 .ARM.attributes
                0x0000000000000865       0x1e /Applications/STM32CubeIDE.app/Contents/Eclipse/plugins/com.st.stm32cube.ide.mcu.externaltools.gnu-tools-for-stm32.10.3-2021.10.macos64_1.0.100.202210260954/tools/bin/../lib/gcc/arm-none-eabi/10.3.1/thumb/v7e-m+fp/hard/libgcc.a(_dvmd_tls.o)
 .ARM.attributes
                0x0000000000000883       0x1e /Applications/STM32CubeIDE.app/Contents/Eclipse/plugins/com.st.stm32cube.ide.mcu.externaltools.gnu-tools-for-stm32.10.3-2021.10.macos64_1.0.100.202210260954/tools/bin/../lib/gcc/arm-none-eabi/10.3.1/thumb/v7e-m+fp/hard/crtn.o
OUTPUT(Final_project.elf elf32-littlearm)
LOAD linker stubs
LOAD /Applications/STM32CubeIDE.app/Contents/Eclipse/plugins/com.st.stm32cube.ide.mcu.externaltools.gnu-tools-for-stm32.10.3-2021.10.macos64_1.0.100.202210260954/tools/bin/../lib/gcc/arm-none-eabi/10.3.1/../../../../arm-none-eabi/lib/thumb/v7e-m+fp/hard/libc.a
LOAD /Applications/STM32CubeIDE.app/Contents/Eclipse/plugins/com.st.stm32cube.ide.mcu.externaltools.gnu-tools-for-stm32.10.3-2021.10.macos64_1.0.100.202210260954/tools/bin/../lib/gcc/arm-none-eabi/10.3.1/../../../../arm-none-eabi/lib/thumb/v7e-m+fp/hard/libm.a
LOAD /Applications/STM32CubeIDE.app/Contents/Eclipse/plugins/com.st.stm32cube.ide.mcu.externaltools.gnu-tools-for-stm32.10.3-2021.10.macos64_1.0.100.202210260954/tools/bin/../lib/gcc/arm-none-eabi/10.3.1/thumb/v7e-m+fp/hard/libgcc.a

.debug_info     0x0000000000000000    0x12b3c
 .debug_info    0x0000000000000000      0x776 ./Core/Src/i2c-lcd.o
 .debug_info    0x0000000000000776     0x1968 ./Core/Src/main.o
 .debug_info    0x00000000000020de      0xdd6 ./Core/Src/stm32f4xx_hal_msp.o
 .debug_info    0x0000000000002eb4      0xc4b ./Core/Src/stm32f4xx_hal_timebase_tim.o
 .debug_info    0x0000000000003aff      0x734 ./Core/Src/stm32f4xx_it.o
 .debug_info    0x0000000000004233      0x171 ./Core/Src/sysmem.o
 .debug_info    0x00000000000043a4      0x523 ./Core/Src/system_stm32f4xx.o
 .debug_info    0x00000000000048c7       0x22 ./Core/Startup/startup_stm32f407vgtx.o
 .debug_info    0x00000000000048e9      0x97c ./Drivers/STM32F4xx_HAL_Driver/Src/stm32f4xx_hal.o
 .debug_info    0x0000000000005265      0xe1b ./Drivers/STM32F4xx_HAL_Driver/Src/stm32f4xx_hal_cortex.o
 .debug_info    0x0000000000006080      0x76a ./Drivers/STM32F4xx_HAL_Driver/Src/stm32f4xx_hal_gpio.o
 .debug_info    0x00000000000067ea     0x2609 ./Drivers/STM32F4xx_HAL_Driver/Src/stm32f4xx_hal_i2c.o
 .debug_info    0x0000000000008df3      0x966 ./Drivers/STM32F4xx_HAL_Driver/Src/stm32f4xx_hal_rcc.o
 .debug_info    0x0000000000009759     0x2bbe ./Drivers/STM32F4xx_HAL_Driver/Src/stm32f4xx_hal_tim.o
 .debug_info    0x000000000000c317     0x15e0 ./Drivers/STM32F4xx_HAL_Driver/Src/stm32f4xx_hal_tim_ex.o
 .debug_info    0x000000000000d8f7      0x2d1 ./FreeRTOS/list.o
 .debug_info    0x000000000000dbc8     0x184e ./FreeRTOS/queue.o
 .debug_info    0x000000000000f416     0x1fbe ./FreeRTOS/tasks.o
 .debug_info    0x00000000000113d4      0xe77 ./FreeRTOS/timers.o
 .debug_info    0x000000000001224b      0x507 ./FreeRTOS/portable/ARM_CM4F/port.o
 .debug_info    0x0000000000012752      0x3ea ./FreeRTOS/portable/MemMang/heap_4.o

.debug_abbrev   0x0000000000000000     0x2bc4
 .debug_abbrev  0x0000000000000000      0x1c4 ./Core/Src/i2c-lcd.o
 .debug_abbrev  0x00000000000001c4      0x333 ./Core/Src/main.o
 .debug_abbrev  0x00000000000004f7      0x1c3 ./Core/Src/stm32f4xx_hal_msp.o
 .debug_abbrev  0x00000000000006ba      0x1e6 ./Core/Src/stm32f4xx_hal_timebase_tim.o
 .debug_abbrev  0x00000000000008a0      0x186 ./Core/Src/stm32f4xx_it.o
 .debug_abbrev  0x0000000000000a26       0xbb ./Core/Src/sysmem.o
 .debug_abbrev  0x0000000000000ae1      0x116 ./Core/Src/system_stm32f4xx.o
 .debug_abbrev  0x0000000000000bf7       0x12 ./Core/Startup/startup_stm32f407vgtx.o
 .debug_abbrev  0x0000000000000c09      0x20d ./Drivers/STM32F4xx_HAL_Driver/Src/stm32f4xx_hal.o
 .debug_abbrev  0x0000000000000e16      0x316 ./Drivers/STM32F4xx_HAL_Driver/Src/stm32f4xx_hal_cortex.o
 .debug_abbrev  0x000000000000112c      0x1c4 ./Drivers/STM32F4xx_HAL_Driver/Src/stm32f4xx_hal_gpio.o
 .debug_abbrev  0x00000000000012f0      0x297 ./Drivers/STM32F4xx_HAL_Driver/Src/stm32f4xx_hal_i2c.o
 .debug_abbrev  0x0000000000001587      0x2aa ./Drivers/STM32F4xx_HAL_Driver/Src/stm32f4xx_hal_rcc.o
 .debug_abbrev  0x0000000000001831      0x25d ./Drivers/STM32F4xx_HAL_Driver/Src/stm32f4xx_hal_tim.o
 .debug_abbrev  0x0000000000001a8e      0x265 ./Drivers/STM32F4xx_HAL_Driver/Src/stm32f4xx_hal_tim_ex.o
 .debug_abbrev  0x0000000000001cf3       0xf2 ./FreeRTOS/list.o
 .debug_abbrev  0x0000000000001de5      0x341 ./FreeRTOS/queue.o
 .debug_abbrev  0x0000000000002126      0x36e ./FreeRTOS/tasks.o
 .debug_abbrev  0x0000000000002494      0x2d8 ./FreeRTOS/timers.o
 .debug_abbrev  0x000000000000276c      0x259 ./FreeRTOS/portable/ARM_CM4F/port.o
 .debug_abbrev  0x00000000000029c5      0x1ff ./FreeRTOS/portable/MemMang/heap_4.o

.debug_aranges  0x0000000000000000     0x11d0
 .debug_aranges
                0x0000000000000000       0x48 ./Core/Src/i2c-lcd.o
 .debug_aranges
                0x0000000000000048       0x90 ./Core/Src/main.o
 .debug_aranges
                0x00000000000000d8       0x48 ./Core/Src/stm32f4xx_hal_msp.o
 .debug_aranges
                0x0000000000000120       0x30 ./Core/Src/stm32f4xx_hal_timebase_tim.o
 .debug_aranges
                0x0000000000000150       0x58 ./Core/Src/stm32f4xx_it.o
 .debug_aranges
                0x00000000000001a8       0x20 ./Core/Src/sysmem.o
 .debug_aranges
                0x00000000000001c8       0x28 ./Core/Src/system_stm32f4xx.o
 .debug_aranges
                0x00000000000001f0       0x28 ./Core/Startup/startup_stm32f407vgtx.o
 .debug_aranges
                0x0000000000000218       0xf0 ./Drivers/STM32F4xx_HAL_Driver/Src/stm32f4xx_hal.o
 .debug_aranges
                0x0000000000000308      0x118 ./Drivers/STM32F4xx_HAL_Driver/Src/stm32f4xx_hal_cortex.o
 .debug_aranges
                0x0000000000000420       0x58 ./Drivers/STM32F4xx_HAL_Driver/Src/stm32f4xx_hal_gpio.o
 .debug_aranges
                0x0000000000000478      0x2a0 ./Drivers/STM32F4xx_HAL_Driver/Src/stm32f4xx_hal_i2c.o
 .debug_aranges
                0x0000000000000718       0x88 ./Drivers/STM32F4xx_HAL_Driver/Src/stm32f4xx_hal_rcc.o
 .debug_aranges
                0x00000000000007a0      0x3d0 ./Drivers/STM32F4xx_HAL_Driver/Src/stm32f4xx_hal_tim.o
 .debug_aranges
                0x0000000000000b70      0x168 ./Drivers/STM32F4xx_HAL_Driver/Src/stm32f4xx_hal_tim_ex.o
 .debug_aranges
                0x0000000000000cd8       0x40 ./FreeRTOS/list.o
 .debug_aranges
                0x0000000000000d18      0x130 ./FreeRTOS/queue.o
 .debug_aranges
                0x0000000000000e48      0x1e8 ./FreeRTOS/tasks.o
 .debug_aranges
                0x0000000000001030       0xd0 ./FreeRTOS/timers.o
 .debug_aranges
                0x0000000000001100       0x80 ./FreeRTOS/portable/ARM_CM4F/port.o
 .debug_aranges
                0x0000000000001180       0x50 ./FreeRTOS/portable/MemMang/heap_4.o

.debug_ranges   0x0000000000000000     0x10a0
 .debug_ranges  0x0000000000000000       0x38 ./Core/Src/i2c-lcd.o
 .debug_ranges  0x0000000000000038       0x80 ./Core/Src/main.o
 .debug_ranges  0x00000000000000b8       0x38 ./Core/Src/stm32f4xx_hal_msp.o
 .debug_ranges  0x00000000000000f0       0x20 ./Core/Src/stm32f4xx_hal_timebase_tim.o
 .debug_ranges  0x0000000000000110       0x48 ./Core/Src/stm32f4xx_it.o
 .debug_ranges  0x0000000000000158       0x10 ./Core/Src/sysmem.o
 .debug_ranges  0x0000000000000168       0x18 ./Core/Src/system_stm32f4xx.o
 .debug_ranges  0x0000000000000180       0x20 ./Core/Startup/startup_stm32f407vgtx.o
 .debug_ranges  0x00000000000001a0       0xe0 ./Drivers/STM32F4xx_HAL_Driver/Src/stm32f4xx_hal.o
 .debug_ranges  0x0000000000000280      0x108 ./Drivers/STM32F4xx_HAL_Driver/Src/stm32f4xx_hal_cortex.o
 .debug_ranges  0x0000000000000388       0x48 ./Drivers/STM32F4xx_HAL_Driver/Src/stm32f4xx_hal_gpio.o
 .debug_ranges  0x00000000000003d0      0x2a8 ./Drivers/STM32F4xx_HAL_Driver/Src/stm32f4xx_hal_i2c.o
 .debug_ranges  0x0000000000000678       0x78 ./Drivers/STM32F4xx_HAL_Driver/Src/stm32f4xx_hal_rcc.o
 .debug_ranges  0x00000000000006f0      0x3c0 ./Drivers/STM32F4xx_HAL_Driver/Src/stm32f4xx_hal_tim.o
 .debug_ranges  0x0000000000000ab0      0x158 ./Drivers/STM32F4xx_HAL_Driver/Src/stm32f4xx_hal_tim_ex.o
 .debug_ranges  0x0000000000000c08       0x30 ./FreeRTOS/list.o
 .debug_ranges  0x0000000000000c38      0x120 ./FreeRTOS/queue.o
 .debug_ranges  0x0000000000000d58      0x1d8 ./FreeRTOS/tasks.o
 .debug_ranges  0x0000000000000f30       0xc0 ./FreeRTOS/timers.o
 .debug_ranges  0x0000000000000ff0       0x70 ./FreeRTOS/portable/ARM_CM4F/port.o
 .debug_ranges  0x0000000000001060       0x40 ./FreeRTOS/portable/MemMang/heap_4.o

.debug_macro    0x0000000000000000     0x4295
 .debug_macro   0x0000000000000000      0x1ee ./Core/Src/i2c-lcd.o
 .debug_macro   0x00000000000001ee      0x454 ./Core/Src/main.o
 .debug_macro   0x0000000000000642      0x106 ./Core/Src/main.o
 .debug_macro   0x0000000000000748      0x15a ./Core/Src/main.o
 .debug_macro   0x00000000000008a2       0xe4 ./Core/Src/main.o
 .debug_macro   0x0000000000000986       0x1c ./Core/Src/main.o
 .debug_macro   0x00000000000009a2       0x26 ./Core/Src/main.o
 .debug_macro   0x00000000000009c8      0x4d3 ./Core/Src/main.o
 .debug_macro   0x0000000000000e9b       0xb5 ./Core/Src/main.o
 .debug_macro   0x0000000000000f50       0xaa ./Core/Src/main.o
 .debug_macro   0x0000000000000ffa       0x80 ./Core/Src/main.o
 .debug_macro   0x000000000000107a       0x52 ./Core/Src/main.o
 .debug_macro   0x00000000000010cc       0x1e ./Core/Src/main.o
 .debug_macro   0x00000000000010ea       0x3c ./Core/Src/main.o
 .debug_macro   0x0000000000001126       0x34 ./Core/Src/main.o
 .debug_macro   0x000000000000115a       0x16 ./Core/Src/main.o
 .debug_macro   0x0000000000001170       0x43 ./Core/Src/main.o
 .debug_macro   0x00000000000011b3       0x34 ./Core/Src/main.o
 .debug_macro   0x00000000000011e7       0x10 ./Core/Src/main.o
 .debug_macro   0x00000000000011f7       0x58 ./Core/Src/main.o
 .debug_macro   0x000000000000124f       0x71 ./Core/Src/main.o
 .debug_macro   0x00000000000012c0       0x1c ./Core/Src/main.o
 .debug_macro   0x00000000000012dc      0x12a ./Core/Src/main.o
 .debug_macro   0x0000000000001406      0x341 ./Core/Src/main.o
 .debug_macro   0x0000000000001747       0x10 ./Core/Src/main.o
 .debug_macro   0x0000000000001757       0x35 ./Core/Src/main.o
 .debug_macro   0x000000000000178c       0x20 ./Core/Src/main.o
 .debug_macro   0x00000000000017ac       0x1c ./Core/Src/main.o
 .debug_macro   0x00000000000017c8       0x10 ./Core/Src/main.o
 .debug_macro   0x00000000000017d8       0x10 ./Core/Src/main.o
 .debug_macro   0x00000000000017e8       0x1c ./Core/Src/main.o
 .debug_macro   0x0000000000001804       0x52 ./Core/Src/main.o
 .debug_macro   0x0000000000001856       0x22 ./Core/Src/main.o
 .debug_macro   0x0000000000001878       0x10 ./Core/Src/main.o
 .debug_macro   0x0000000000001888       0x52 ./Core/Src/main.o
 .debug_macro   0x00000000000018da       0xd5 ./Core/Src/main.o
 .debug_macro   0x00000000000019af       0x1c ./Core/Src/main.o
 .debug_macro   0x00000000000019cb       0x3d ./Core/Src/main.o
 .debug_macro   0x0000000000001a08       0x16 ./Core/Src/main.o
 .debug_macro   0x0000000000001a1e      0x145 ./Core/Src/main.o
 .debug_macro   0x0000000000001b63       0x16 ./Core/Src/main.o
 .debug_macro   0x0000000000001b79       0x16 ./Core/Src/main.o
 .debug_macro   0x0000000000001b8f       0x29 ./Core/Src/main.o
 .debug_macro   0x0000000000001bb8      0x1ed ./Core/Src/stm32f4xx_hal_msp.o
 .debug_macro   0x0000000000001da5      0x1de ./Core/Src/stm32f4xx_hal_timebase_tim.o
 .debug_macro   0x0000000000001f83      0x1f7 ./Core/Src/stm32f4xx_it.o
 .debug_macro   0x000000000000217a       0xff ./Core/Src/sysmem.o
 .debug_macro   0x0000000000002279      0x23b ./Core/Src/sysmem.o
 .debug_macro   0x00000000000024b4      0x1de ./Core/Src/system_stm32f4xx.o
 .debug_macro   0x0000000000002692      0x23e ./Drivers/STM32F4xx_HAL_Driver/Src/stm32f4xx_hal.o
 .debug_macro   0x00000000000028d0      0x1de ./Drivers/STM32F4xx_HAL_Driver/Src/stm32f4xx_hal_cortex.o
 .debug_macro   0x0000000000002aae      0x1e4 ./Drivers/STM32F4xx_HAL_Driver/Src/stm32f4xx_hal_gpio.o
 .debug_macro   0x0000000000002c92      0x225 ./Drivers/STM32F4xx_HAL_Driver/Src/stm32f4xx_hal_i2c.o
 .debug_macro   0x0000000000002eb7      0x202 ./Drivers/STM32F4xx_HAL_Driver/Src/stm32f4xx_hal_rcc.o
 .debug_macro   0x00000000000030b9      0x1df ./Drivers/STM32F4xx_HAL_Driver/Src/stm32f4xx_hal_tim.o
 .debug_macro   0x0000000000003298      0x1de ./Drivers/STM32F4xx_HAL_Driver/Src/stm32f4xx_hal_tim_ex.o
 .debug_macro   0x0000000000003476      0x187 ./FreeRTOS/list.o
 .debug_macro   0x00000000000035fd      0x10e ./FreeRTOS/list.o
 .debug_macro   0x000000000000370b       0x8d ./FreeRTOS/list.o
 .debug_macro   0x0000000000003798      0x216 ./FreeRTOS/queue.o
 .debug_macro   0x00000000000039ae       0x16 ./FreeRTOS/queue.o
 .debug_macro   0x00000000000039c4      0x279 ./FreeRTOS/tasks.o
 .debug_macro   0x0000000000003c3d       0x91 ./FreeRTOS/tasks.o
 .debug_macro   0x0000000000003cce       0x10 ./FreeRTOS/tasks.o
 .debug_macro   0x0000000000003cde      0x1dc ./FreeRTOS/timers.o
 .debug_macro   0x0000000000003eba       0x97 ./FreeRTOS/timers.o
 .debug_macro   0x0000000000003f51      0x196 ./FreeRTOS/portable/ARM_CM4F/port.o
 .debug_macro   0x00000000000040e7      0x1ae ./FreeRTOS/portable/MemMang/heap_4.o

.debug_line     0x0000000000000000    0x14b26
 .debug_line    0x0000000000000000      0x7f7 ./Core/Src/i2c-lcd.o
 .debug_line    0x00000000000007f7      0xf01 ./Core/Src/main.o
 .debug_line    0x00000000000016f8      0x7ce ./Core/Src/stm32f4xx_hal_msp.o
 .debug_line    0x0000000000001ec6      0x782 ./Core/Src/stm32f4xx_hal_timebase_tim.o
 .debug_line    0x0000000000002648      0x7bd ./Core/Src/stm32f4xx_it.o
 .debug_line    0x0000000000002e05      0x52b ./Core/Src/sysmem.o
 .debug_line    0x0000000000003330      0x78a ./Core/Src/system_stm32f4xx.o
 .debug_line    0x0000000000003aba       0x88 ./Core/Startup/startup_stm32f407vgtx.o
 .debug_line    0x0000000000003b42      0x9f0 ./Drivers/STM32F4xx_HAL_Driver/Src/stm32f4xx_hal.o
 .debug_line    0x0000000000004532      0xc9f ./Drivers/STM32F4xx_HAL_Driver/Src/stm32f4xx_hal_cortex.o
 .debug_line    0x00000000000051d1      0xb64 ./Drivers/STM32F4xx_HAL_Driver/Src/stm32f4xx_hal_gpio.o
 .debug_line    0x0000000000005d35     0x39a5 ./Drivers/STM32F4xx_HAL_Driver/Src/stm32f4xx_hal_i2c.o
 .debug_line    0x00000000000096da      0xd6c ./Drivers/STM32F4xx_HAL_Driver/Src/stm32f4xx_hal_rcc.o
 .debug_line    0x000000000000a446     0x36e4 ./Drivers/STM32F4xx_HAL_Driver/Src/stm32f4xx_hal_tim.o
 .debug_line    0x000000000000db2a     0x19ed ./Drivers/STM32F4xx_HAL_Driver/Src/stm32f4xx_hal_tim_ex.o
 .debug_line    0x000000000000f517      0x75b ./FreeRTOS/list.o
 .debug_line    0x000000000000fc72     0x156b ./FreeRTOS/queue.o
 .debug_line    0x00000000000111dd     0x1b81 ./FreeRTOS/tasks.o
 .debug_line    0x0000000000012d5e      0xc79 ./FreeRTOS/timers.o
 .debug_line    0x00000000000139d7      0x832 ./FreeRTOS/portable/ARM_CM4F/port.o
 .debug_line    0x0000000000014209      0x91d ./FreeRTOS/portable/MemMang/heap_4.o

.debug_str      0x0000000000000000    0xd307b
 .debug_str     0x0000000000000000    0xc34be ./Core/Src/i2c-lcd.o
                                      0xc3799 (size before relaxing)
 .debug_str     0x00000000000c34be     0x989f ./Core/Src/main.o
                                      0xcd0ef (size before relaxing)
 .debug_str     0x00000000000ccd5d       0x96 ./Core/Src/stm32f4xx_hal_msp.o
                                      0xc41e4 (size before relaxing)
 .debug_str     0x00000000000ccdf3      0x107 ./Core/Src/stm32f4xx_hal_timebase_tim.o
                                      0xc3e98 (size before relaxing)
 .debug_str     0x00000000000ccefa       0xe1 ./Core/Src/stm32f4xx_it.o
                                      0xc3e12 (size before relaxing)
 .debug_str     0x00000000000ccfdb      0x35a ./Core/Src/sysmem.o
                                       0x5dc2 (size before relaxing)
 .debug_str     0x00000000000cd335       0xdb ./Core/Src/system_stm32f4xx.o
                                      0xc33a1 (size before relaxing)
 .debug_str     0x00000000000cd410       0x72 ./Core/Startup/startup_stm32f407vgtx.o
 .debug_str     0x00000000000cd482      0x5bd ./Drivers/STM32F4xx_HAL_Driver/Src/stm32f4xx_hal.o
                                      0xc3f25 (size before relaxing)
 .debug_str     0x00000000000cda3f      0x330 ./Drivers/STM32F4xx_HAL_Driver/Src/stm32f4xx_hal_cortex.o
                                      0xc3c58 (size before relaxing)
 .debug_str     0x00000000000cdd6f       0xc4 ./Drivers/STM32F4xx_HAL_Driver/Src/stm32f4xx_hal_gpio.o
                                      0xc351c (size before relaxing)
 .debug_str     0x00000000000cde33      0xad0 ./Drivers/STM32F4xx_HAL_Driver/Src/stm32f4xx_hal_i2c.o
                                      0xc436c (size before relaxing)
 .debug_str     0x00000000000ce903      0x1f2 ./Drivers/STM32F4xx_HAL_Driver/Src/stm32f4xx_hal_rcc.o
                                      0xc37d5 (size before relaxing)
 .debug_str     0x00000000000ceaf5      0xd7f ./Drivers/STM32F4xx_HAL_Driver/Src/stm32f4xx_hal_tim.o
                                      0xc471b (size before relaxing)
 .debug_str     0x00000000000cf874      0x493 ./Drivers/STM32F4xx_HAL_Driver/Src/stm32f4xx_hal_tim_ex.o
                                      0xc3f37 (size before relaxing)
 .debug_str     0x00000000000cfd07      0x12f ./FreeRTOS/list.o
                                       0xa67c (size before relaxing)
 .debug_str     0x00000000000cfe36      0xa47 ./FreeRTOS/queue.o
                                       0xbf45 (size before relaxing)
 .debug_str     0x00000000000d087d     0x19ad ./FreeRTOS/tasks.o
                                       0xcb1d (size before relaxing)
 .debug_str     0x00000000000d222a      0x4d6 ./FreeRTOS/timers.o
                                       0xc2f6 (size before relaxing)
 .debug_str     0x00000000000d2700      0x760 ./FreeRTOS/portable/ARM_CM4F/port.o
                                       0x85e5 (size before relaxing)
 .debug_str     0x00000000000d2e60      0x21b ./FreeRTOS/portable/MemMang/heap_4.o
                                       0xae99 (size before relaxing)

.comment        0x0000000000000000       0x50
 .comment       0x0000000000000000       0x50 ./Core/Src/i2c-lcd.o
                                         0x51 (size before relaxing)
 .comment       0x0000000000000050       0x51 ./Core/Src/main.o
 .comment       0x0000000000000050       0x51 ./Core/Src/stm32f4xx_hal_msp.o
 .comment       0x0000000000000050       0x51 ./Core/Src/stm32f4xx_hal_timebase_tim.o
 .comment       0x0000000000000050       0x51 ./Core/Src/stm32f4xx_it.o
 .comment       0x0000000000000050       0x51 ./Core/Src/sysmem.o
 .comment       0x0000000000000050       0x51 ./Core/Src/system_stm32f4xx.o
 .comment       0x0000000000000050       0x51 ./Drivers/STM32F4xx_HAL_Driver/Src/stm32f4xx_hal.o
 .comment       0x0000000000000050       0x51 ./Drivers/STM32F4xx_HAL_Driver/Src/stm32f4xx_hal_cortex.o
 .comment       0x0000000000000050       0x51 ./Drivers/STM32F4xx_HAL_Driver/Src/stm32f4xx_hal_gpio.o
 .comment       0x0000000000000050       0x51 ./Drivers/STM32F4xx_HAL_Driver/Src/stm32f4xx_hal_i2c.o
 .comment       0x0000000000000050       0x51 ./Drivers/STM32F4xx_HAL_Driver/Src/stm32f4xx_hal_rcc.o
 .comment       0x0000000000000050       0x51 ./Drivers/STM32F4xx_HAL_Driver/Src/stm32f4xx_hal_tim.o
 .comment       0x0000000000000050       0x51 ./Drivers/STM32F4xx_HAL_Driver/Src/stm32f4xx_hal_tim_ex.o
 .comment       0x0000000000000050       0x51 ./FreeRTOS/list.o
 .comment       0x0000000000000050       0x51 ./FreeRTOS/queue.o
 .comment       0x0000000000000050       0x51 ./FreeRTOS/tasks.o
 .comment       0x0000000000000050       0x51 ./FreeRTOS/timers.o
 .comment       0x0000000000000050       0x51 ./FreeRTOS/portable/ARM_CM4F/port.o
 .comment       0x0000000000000050       0x51 ./FreeRTOS/portable/MemMang/heap_4.o
