../Core/Src/main.c:104:6:InfraredTask	16	static
../Core/Src/main.c:120:6:ButtonTask	24	static,ignoring_inline_asm
../Core/Src/main.c:141:6:Display	56	static
../Core/Src/main.c:179:6:Beep	16	static
../Core/Src/main.c:189:6:Motor_Task	24	static
../Core/Src/main.c:210:6:BuzzerTask	16	static
../Core/Src/main.c:225:6:HAL_GPIO_EXTI_Callback	16	static
../Core/Src/main.c:235:6:TimerTask	24	static
../Core/Src/main.c:258:5:main	16	static
../Core/Src/main.c:314:6:SystemClock_Config	88	static
../Core/Src/main.c:361:13:MX_I2C1_Init	8	static
../Core/Src/main.c:395:13:MX_TIM2_Init	48	static
../Core/Src/main.c:444:13:MX_GPIO_Init	56	static
../Core/Src/main.c:601:6:HAL_TIM_PeriodElapsedCallback	16	static
../Core/Src/main.c:618:6:Error_Handler	4	static,ignoring_inline_asm
